Archive member included because of file (symbol)

D:\workdir\forth\renesas_rtos_training\workdir\lab01\LAB_HAL_1\synergy\ssp\src\driver\r_sce\libs\libcrypto_cm4_s7g2_gcc.a(r_sce_trng.o)
                              ./src/synergy_gen/common_data.o (g_trng_on_sce)
D:\workdir\forth\renesas_rtos_training\workdir\lab01\LAB_HAL_1\synergy\ssp\src\driver\r_sce\libs\libcrypto_cm4_s7g2_gcc.a(SC32_p03.prc.o)
                              D:\workdir\forth\renesas_rtos_training\workdir\lab01\LAB_HAL_1\synergy\ssp\src\driver\r_sce\libs\libcrypto_cm4_s7g2_gcc.a(r_sce_trng.o) (HW_SCE_RNG_Read)
D:\workdir\forth\renesas_rtos_training\workdir\lab01\LAB_HAL_1\synergy\ssp\src\driver\r_sce\libs\libcrypto_cm4_s7g2_gcc.a(r_sce.o)
                              ./src/synergy_gen/common_data.o (g_sce_crypto_api)
D:\workdir\forth\renesas_rtos_training\workdir\lab01\LAB_HAL_1\synergy\ssp\src\driver\r_sce\libs\libcrypto_cm4_s7g2_gcc.a(SC32_SoftReset.prc.o)
                              D:\workdir\forth\renesas_rtos_training\workdir\lab01\LAB_HAL_1\synergy\ssp\src\driver\r_sce\libs\libcrypto_cm4_s7g2_gcc.a(r_sce.o) (HW_SCE_SoftReset)
D:\workdir\forth\renesas_rtos_training\workdir\lab01\LAB_HAL_1\synergy\ssp\src\driver\r_sce\libs\libcrypto_cm4_s7g2_gcc.a(SC32_endian.o)
                              D:\workdir\forth\renesas_rtos_training\workdir\lab01\LAB_HAL_1\synergy\ssp\src\driver\r_sce\libs\libcrypto_cm4_s7g2_gcc.a(r_sce.o) (HW_SCE_EndianSetBig)
D:\workdir\forth\renesas_rtos_training\workdir\lab01\LAB_HAL_1\synergy\ssp\src\driver\r_sce\libs\libcrypto_cm4_s7g2_gcc.a(SC32_function001.prc.o)
                              D:\workdir\forth\renesas_rtos_training\workdir\lab01\LAB_HAL_1\synergy\ssp\src\driver\r_sce\libs\libcrypto_cm4_s7g2_gcc.a(SC32_p03.prc.o) (SC32_function001)
D:\workdir\forth\renesas_rtos_training\workdir\lab01\LAB_HAL_1\synergy\ssp\src\driver\r_sce\libs\libcrypto_cm4_s7g2_gcc.a(SC32_function003.prc.o)
                              D:\workdir\forth\renesas_rtos_training\workdir\lab01\LAB_HAL_1\synergy\ssp\src\driver\r_sce\libs\libcrypto_cm4_s7g2_gcc.a(SC32_p03.prc.o) (SC32_function003)
D:\workdir\forth\renesas_rtos_training\workdir\lab01\LAB_HAL_1\synergy\ssp\src\driver\r_sce\libs\libcrypto_cm4_s7g2_gcc.a(SC32_p01.prc.o)
                              D:\workdir\forth\renesas_rtos_training\workdir\lab01\LAB_HAL_1\synergy\ssp\src\driver\r_sce\libs\libcrypto_cm4_s7g2_gcc.a(r_sce.o) (HW_SCE_Initialization1)
D:\workdir\forth\renesas_rtos_training\workdir\lab01\LAB_HAL_1\synergy\ssp\src\driver\r_sce\libs\libcrypto_cm4_s7g2_gcc.a(SC32_p02.prc.o)
                              D:\workdir\forth\renesas_rtos_training\workdir\lab01\LAB_HAL_1\synergy\ssp\src\driver\r_sce\libs\libcrypto_cm4_s7g2_gcc.a(r_sce.o) (HW_SCE_Initialization2)
D:\workdir\forth\renesas_rtos_training\workdir\lab01\LAB_HAL_1\synergy\ssp\src\driver\r_sce\libs\libcrypto_cm4_s7g2_gcc.a(SC32_p99.prc.o)
                              D:\workdir\forth\renesas_rtos_training\workdir\lab01\LAB_HAL_1\synergy\ssp\src\driver\r_sce\libs\libcrypto_cm4_s7g2_gcc.a(r_sce.o) (HW_SCE_secureBoot)
D:\workdir\forth\renesas_rtos_training\workdir\lab01\LAB_HAL_1\synergy\ssp\src\driver\r_sce\libs\libcrypto_cm4_s7g2_gcc.a(SC32_subprc01.prc.o)
                              D:\workdir\forth\renesas_rtos_training\workdir\lab01\LAB_HAL_1\synergy\ssp\src\driver\r_sce\libs\libcrypto_cm4_s7g2_gcc.a(SC32_p01.prc.o) (HW_SCE_Initialization1_Subproc1)
D:\workdir\forth\renesas_rtos_training\workdir\lab01\LAB_HAL_1\synergy\ssp\src\driver\r_sce\libs\libcrypto_cm4_s7g2_gcc.a(SC32_subprc02.prc.o)
                              D:\workdir\forth\renesas_rtos_training\workdir\lab01\LAB_HAL_1\synergy\ssp\src\driver\r_sce\libs\libcrypto_cm4_s7g2_gcc.a(SC32_p02.prc.o) (HW_SCE_Initialization2_Subproc2)
D:\workdir\forth\renesas_rtos_training\workdir\lab01\LAB_HAL_1\synergy\ssp\src\driver\r_sce\libs\libcrypto_cm4_s7g2_gcc.a(r_sce_interface.o)
                              D:\workdir\forth\renesas_rtos_training\workdir\lab01\LAB_HAL_1\synergy\ssp\src\driver\r_sce\libs\libcrypto_cm4_s7g2_gcc.a(r_sce.o) (R_SCE_InterfaceGet)
D:\workdir\forth\renesas_rtos_training\workdir\lab01\LAB_HAL_1\synergy\ssp\src\driver\r_sce\libs\libcrypto_cm4_s7g2_gcc.a(r_sce_s7_interface.o)
                              D:\workdir\forth\renesas_rtos_training\workdir\lab01\LAB_HAL_1\synergy\ssp\src\driver\r_sce\libs\libcrypto_cm4_s7g2_gcc.a(r_sce_interface.o) (crypto_interface_get_mcu_specific)
D:\workdir\forth\renesas_rtos_training\workdir\lab01\LAB_HAL_1\synergy\ssp\src\driver\r_sce\libs\libcrypto_cm4_s7g2_gcc.a(r_sce_aes128_cbc.o)
                              D:\workdir\forth\renesas_rtos_training\workdir\lab01\LAB_HAL_1\synergy\ssp\src\driver\r_sce\libs\libcrypto_cm4_s7g2_gcc.a(r_sce_s7_interface.o) (g_aes128cbc_on_sce)
D:\workdir\forth\renesas_rtos_training\workdir\lab01\LAB_HAL_1\synergy\ssp\src\driver\r_sce\libs\libcrypto_cm4_s7g2_gcc.a(r_sce_aes128_ctr.o)
[...]
Memory Configuration

Name             Origin             Length             Attributes
FLASH            0x00000000         0x00400000         xr
RAM              0x1ffe0000         0x000a0000         xrw
DATA_FLASH       0x40100000         0x00010000         xr
QSPI_FLASH       0x60000000         0x04000000         xr
SDRAM            0x90000000         0x02000000         xrw
*default*        0x00000000         0xffffffff

Linker script and memory map

LOAD c:/renesas/synergy/e2studio_v5.4.0.023_ssp_v1.3.3/toolchains/gcc_arm/4.9_2015q3/bin/../lib/gcc/arm-none-eabi/4.9.3/armv7e-m/fpu/crti.o
LOAD c:/renesas/synergy/e2studio_v5.4.0.023_ssp_v1.3.3/toolchains/gcc_arm/4.9_2015q3/bin/../lib/gcc/arm-none-eabi/4.9.3/armv7e-m/fpu/crtbegin.o
LOAD c:/renesas/synergy/e2studio_v5.4.0.023_ssp_v1.3.3/toolchains/gcc_arm/4.9_2015q3/bin/../lib/gcc/arm-none-eabi/4.9.3/../../../../arm-none-eabi/lib/armv7e-m/fpu/rdimon-crt0.o
START GROUP
LOAD ./synergy/ssp/src/driver/r_ioport/r_ioport.o
LOAD ./synergy/ssp/src/driver/r_gpt/r_gpt.o
LOAD ./synergy/ssp/src/driver/r_fmi/r_fmi.o
LOAD ./synergy/ssp/src/driver/r_elc/r_elc.o
LOAD ./synergy/ssp/src/driver/r_dtc/r_dtc.o
LOAD ./synergy/ssp/src/driver/r_dac/r_dac.o
LOAD ./synergy/ssp/src/driver/r_cgc/hw/hw_cgc.o
LOAD ./synergy/ssp/src/driver/r_cgc/r_cgc.o
LOAD ./synergy/ssp/src/driver/r_adc/r_adc.o
LOAD ./synergy/ssp/src/bsp/mcu/s7g2/bsp_cache.o
LOAD ./synergy/ssp/src/bsp/mcu/s7g2/bsp_clocks.o
LOAD ./synergy/ssp/src/bsp/mcu/s7g2/bsp_feature.o
LOAD ./synergy/ssp/src/bsp/mcu/s7g2/bsp_fmi_R7FS7G27H3A01CFC.o
LOAD ./synergy/ssp/src/bsp/mcu/s7g2/bsp_group_irq.o
LOAD ./synergy/ssp/src/bsp/mcu/s7g2/bsp_hw_locks.o
LOAD ./synergy/ssp/src/bsp/mcu/s7g2/bsp_module_stop.o
LOAD ./synergy/ssp/src/bsp/mcu/s7g2/bsp_rom_registers.o
LOAD ./synergy/ssp/src/bsp/mcu/all/bsp_common.o
LOAD ./synergy/ssp/src/bsp/mcu/all/bsp_common_leds.o
LOAD ./synergy/ssp/src/bsp/mcu/all/bsp_delay.o
LOAD ./synergy/ssp/src/bsp/mcu/all/bsp_irq.o
LOAD ./synergy/ssp/src/bsp/mcu/all/bsp_locking.o
LOAD ./synergy/ssp/src/bsp/mcu/all/bsp_register_protection.o
LOAD ./synergy/ssp/src/bsp/mcu/all/bsp_sbrk.o
LOAD ./synergy/ssp/src/bsp/cmsis/Device/RENESAS/S7G2/Source/startup_S7G2.o
LOAD ./synergy/ssp/src/bsp/cmsis/Device/RENESAS/S7G2/Source/system_S7G2.o
LOAD ./synergy/board/s7g2_sk/bsp_init.o
LOAD ./synergy/board/s7g2_sk/bsp_leds.o
LOAD ./synergy/board/s7g2_sk/bsp_qspi.o
LOAD ./src/synergy_gen/common_data.o
LOAD ./src/synergy_gen/hal_data.o
LOAD ./src/synergy_gen/main.o
LOAD ./src/synergy_gen/pin_data.o
LOAD ./src/hal_application_code.o
LOAD ./src/hal_entry.o
LOAD D:\workdir\forth\renesas_rtos_training\workdir\lab01\LAB_HAL_1\synergy\ssp\src\bsp\cmsis\DSP_Lib\cm4_gcc\libDSP_Lib.a
LOAD D:\workdir\forth\renesas_rtos_training\workdir\lab01\LAB_HAL_1\synergy\ssp\src\driver\r_sce\libs\libcrypto_cm4_s7g2_gcc.a
END GROUP
START GROUP
LOAD c:/renesas/synergy/e2studio_v5.4.0.023_ssp_v1.3.3/toolchains/gcc_arm/4.9_2015q3/bin/../lib/gcc/arm-none-eabi/4.9.3/armv7e-m/fpu\libgcc.a
LOAD c:/renesas/synergy/e2studio_v5.4.0.023_ssp_v1.3.3/toolchains/gcc_arm/4.9_2015q3/bin/../lib/gcc/arm-none-eabi/4.9.3/../../../../arm-none-eabi/lib/armv7e-m/fpu\libg_nano.a
LOAD c:/renesas/synergy/e2studio_v5.4.0.023_ssp_v1.3.3/toolchains/gcc_arm/4.9_2015q3/bin/../lib/gcc/arm-none-eabi/4.9.3/../../../../arm-none-eabi/lib/armv7e-m/fpu\libc_nano.a
END GROUP
START GROUP
LOAD c:/renesas/synergy/e2studio_v5.4.0.023_ssp_v1.3.3/toolchains/gcc_arm/4.9_2015q3/bin/../lib/gcc/arm-none-eabi/4.9.3/armv7e-m/fpu\libgcc.a
LOAD c:/renesas/synergy/e2studio_v5.4.0.023_ssp_v1.3.3/toolchains/gcc_arm/4.9_2015q3/bin/../lib/gcc/arm-none-eabi/4.9.3/../../../../arm-none-eabi/lib/armv7e-m/fpu\libc_nano.a
LOAD c:/renesas/synergy/e2studio_v5.4.0.023_ssp_v1.3.3/toolchains/gcc_arm/4.9_2015q3/bin/../lib/gcc/arm-none-eabi/4.9.3/../../../../arm-none-eabi/lib/armv7e-m/fpu\librdimon_nano.a
END GROUP
START GROUP
LOAD c:/renesas/synergy/e2studio_v5.4.0.023_ssp_v1.3.3/toolchains/gcc_arm/4.9_2015q3/bin/../lib/gcc/arm-none-eabi/4.9.3/armv7e-m/fpu\libgcc.a
LOAD c:/renesas/synergy/e2studio_v5.4.0.023_ssp_v1.3.3/toolchains/gcc_arm/4.9_2015q3/bin/../lib/gcc/arm-none-eabi/4.9.3/../../../../arm-none-eabi/lib/armv7e-m/fpu\libc_nano.a
LOAD c:/renesas/synergy/e2studio_v5.4.0.023_ssp_v1.3.3/toolchains/gcc_arm/4.9_2015q3/bin/../lib/gcc/arm-none-eabi/4.9.3/../../../../arm-none-eabi/lib/armv7e-m/fpu\librdimon_nano.a
END GROUP
LOAD c:/renesas/synergy/e2studio_v5.4.0.023_ssp_v1.3.3/toolchains/gcc_arm/4.9_2015q3/bin/../lib/gcc/arm-none-eabi/4.9.3/armv7e-m/fpu/crtend.o
LOAD c:/renesas/synergy/e2studio_v5.4.0.023_ssp_v1.3.3/toolchains/gcc_arm/4.9_2015q3/bin/../lib/gcc/arm-none-eabi/4.9.3/armv7e-m/fpu/crtn.o
START GROUP
LOAD c:/renesas/synergy/e2studio_v5.4.0.023_ssp_v1.3.3/toolchains/gcc_arm/4.9_2015q3/bin/../lib/gcc/arm-none-eabi/4.9.3/armv7e-m/fpu\libgcc.a
LOAD c:/renesas/synergy/e2studio_v5.4.0.023_ssp_v1.3.3/toolchains/gcc_arm/4.9_2015q3/bin/../lib/gcc/arm-none-eabi/4.9.3/../../../../arm-none-eabi/lib/armv7e-m/fpu\libc.a
LOAD c:/renesas/synergy/e2studio_v5.4.0.023_ssp_v1.3.3/toolchains/gcc_arm/4.9_2015q3/bin/../lib/gcc/arm-none-eabi/4.9.3/../../../../arm-none-eabi/lib/armv7e-m/fpu\libm.a
LOAD c:/renesas/synergy/e2studio_v5.4.0.023_ssp_v1.3.3/toolchains/gcc_arm/4.9_2015q3/bin/../lib/gcc/arm-none-eabi/4.9.3/../../../../arm-none-eabi/lib/armv7e-m/fpu\libnosys.a
END GROUP

.text           0x00000000    0x2a32c
                0x00000000                __ROM_Start = .
 *(.vectors)
 .vectors       0x00000000       0x40 ./synergy/ssp/src/bsp/cmsis/Device/RENESAS/S7G2/Source/startup_S7G2.o
                0x00000000                __Vectors
 *(SORT(.vector.*))
 .vector.ADC_0_SCAN_END
                0x00000040        0x4 ./src/synergy_gen/hal_data.o
                0x00000040                g_vector_ADC_0_SCAN_END
 .vector.GPT_0_COUNTER_OVERFLOW
                0x00000044        0x4 ./src/synergy_gen/hal_data.o
                0x00000044                g_vector_GPT_0_COUNTER_OVERFLOW
                0x00000048                __Vectors_End = .
                0x00000048                __end__ = .
                0x00000400                . = (__ROM_Start + 0x400)
 *fill*         0x00000048      0x3b8 ff
 *(.rom_registers*)
 .rom_registers
                0x00000400       0x3c ./synergy/ssp/src/bsp/mcu/s7g2/bsp_rom_registers.o
                0x00000500                . = (__ROM_Start + 0x500)
 *fill*         0x0000043c       0xc4 ff
                0x00000500                __Vector_Info_Start = .
 *(SORT(.vector_info.*))
 .vector_info.ADC_0_SCAN_END
                0x00000500        0x8 ./src/synergy_gen/hal_data.o
                0x00000500                g_vector_info_ADC_0_SCAN_END
 .vector_info.GPT_0_COUNTER_OVERFLOW
                0x00000508        0x8 ./src/synergy_gen/hal_data.o
                0x00000508                g_vector_info_GPT_0_COUNTER_OVERFLOW
                0x00000510                __Vector_Info_End = .
                0x00000510                __Lock_Lookup_Start = .
 *(SORT(.hw_lock_lookup.*))
 .hw_lock_lookup.ADC_0U_0U
                0x00000510        0x4 ./synergy/ssp/src/bsp/mcu/s7g2/bsp_hw_locks.o
                0x00000510                g_lock_lookup_ADC_0U_0U
 .hw_lock_lookup.ADC_0U_1U
                0x00000514        0x4 ./synergy/ssp/src/bsp/mcu/s7g2/bsp_hw_locks.o
                0x00000514                g_lock_lookup_ADC_0U_1U
 .hw_lock_lookup.AGT_0U_0U
                0x00000518        0x4 ./synergy/ssp/src/bsp/mcu/s7g2/bsp_hw_locks.o
                0x00000518                g_lock_lookup_AGT_0U_0U
 .hw_lock_lookup.AGT_0U_1U
                0x0000051c        0x4 ./synergy/ssp/src/bsp/mcu/s7g2/bsp_hw_locks.o
                0x0000051c                g_lock_lookup_AGT_0U_1U
 .hw_lock_lookup.BSC_0U_1U
                0x00000520        0x4 ./synergy/ssp/src/bsp/mcu/s7g2/bsp_hw_locks.o
                0x00000520                g_lock_lookup_BSC_0U_1U
 .hw_lock_lookup.CAC_0U_0U
                0x00000524        0x4 ./synergy/ssp/src/bsp/mcu/s7g2/bsp_hw_locks.o
                0x00000524                g_lock_lookup_CAC_0U_0U
 .hw_lock_lookup.CAN_0U_0U
                0x00000528        0x4 ./synergy/ssp/src/bsp/mcu/s7g2/bsp_hw_locks.o
                0x00000528                g_lock_lookup_CAN_0U_0U
 .hw_lock_lookup.CAN_0U_1U
                0x0000052c        0x4 ./synergy/ssp/src/bsp/mcu/s7g2/bsp_hw_locks.o
                0x0000052c                g_lock_lookup_CAN_0U_1U
 .hw_lock_lookup.COMP_HS_0U_0U
                0x00000530        0x4 ./synergy/ssp/src/bsp/mcu/s7g2/bsp_hw_locks.o
                0x00000530                g_lock_lookup_COMP_HS_0U_0U
 .hw_lock_lookup.COMP_HS_0U_1U
                0x00000534        0x4 ./synergy/ssp/src/bsp/mcu/s7g2/bsp_hw_locks.o
                0x00000534                g_lock_lookup_COMP_HS_0U_1U
 .hw_lock_lookup.COMP_HS_0U_2U
                0x00000538        0x4 ./synergy/ssp/src/bsp/mcu/s7g2/bsp_hw_locks.o
                0x00000538                g_lock_lookup_COMP_HS_0U_2U
 .hw_lock_lookup.COMP_HS_0U_3U
                0x0000053c        0x4 ./synergy/ssp/src/bsp/mcu/s7g2/bsp_hw_locks.o
                0x0000053c                g_lock_lookup_COMP_HS_0U_3U
 .hw_lock_lookup.COMP_HS_0U_4U
                0x00000540        0x4 ./synergy/ssp/src/bsp/mcu/s7g2/bsp_hw_locks.o
                0x00000540                g_lock_lookup_COMP_HS_0U_4U
 .hw_lock_lookup.COMP_HS_0U_5U
                0x00000544        0x4 ./synergy/ssp/src/bsp/mcu/s7g2/bsp_hw_locks.o
                0x00000544                g_lock_lookup_COMP_HS_0U_5U
 .hw_lock_lookup.CRC_0U_0U
                0x00000548        0x4 ./synergy/ssp/src/bsp/mcu/s7g2/bsp_hw_locks.o
                0x00000548                g_lock_lookup_CRC_0U_0U
 .hw_lock_lookup.CTSU_0U_0U
                0x0000054c        0x4 ./synergy/ssp/src/bsp/mcu/s7g2/bsp_hw_locks.o
                0x0000054c                g_lock_lookup_CTSU_0U_0U
 .hw_lock_lookup.DAAD_0U_0U
                0x00000550        0x4 ./synergy/ssp/src/bsp/mcu/s7g2/bsp_hw_locks.o
                0x00000550                g_lock_lookup_DAAD_0U_0U
 .hw_lock_lookup.DAC_0U_0U
                0x00000554        0x4 ./synergy/ssp/src/bsp/mcu/s7g2/bsp_hw_locks.o
                0x00000554                g_lock_lookup_DAC_0U_0U
 .hw_lock_lookup.DAC_0U_1U
                0x00000558        0x4 ./synergy/ssp/src/bsp/mcu/s7g2/bsp_hw_locks.o
                0x00000558                g_lock_lookup_DAC_0U_1U
 .hw_lock_lookup.DMAC_0U_0U
                0x0000055c        0x4 ./synergy/ssp/src/bsp/mcu/s7g2/bsp_hw_locks.o
                0x0000055c                g_lock_lookup_DMAC_0U_0U
 .hw_lock_lookup.DMAC_0U_1U
                0x00000560        0x4 ./synergy/ssp/src/bsp/mcu/s7g2/bsp_hw_locks.o
                0x00000560                g_lock_lookup_DMAC_0U_1U
 .hw_lock_lookup.DMAC_0U_2U
                0x00000564        0x4 ./synergy/ssp/src/bsp/mcu/s7g2/bsp_hw_locks.o
                0x00000564                g_lock_lookup_DMAC_0U_2U
 .hw_lock_lookup.DMAC_0U_3U
                0x00000568        0x4 ./synergy/ssp/src/bsp/mcu/s7g2/bsp_hw_locks.o
                0x00000568                g_lock_lookup_DMAC_0U_3U
 .hw_lock_lookup.DMAC_0U_4U
                0x0000056c        0x4 ./synergy/ssp/src/bsp/mcu/s7g2/bsp_hw_locks.o
                0x0000056c                g_lock_lookup_DMAC_0U_4U
 .hw_lock_lookup.DMAC_0U_5U
                0x00000570        0x4 ./synergy/ssp/src/bsp/mcu/s7g2/bsp_hw_locks.o
                0x00000570                g_lock_lookup_DMAC_0U_5U
 .hw_lock_lookup.DMAC_0U_6U
                0x00000574        0x4 ./synergy/ssp/src/bsp/mcu/s7g2/bsp_hw_locks.o
                0x00000574                g_lock_lookup_DMAC_0U_6U
 .hw_lock_lookup.DMAC_0U_7U
                0x00000578        0x4 ./synergy/ssp/src/bsp/mcu/s7g2/bsp_hw_locks.o
                0x00000578                g_lock_lookup_DMAC_0U_7U
 .hw_lock_lookup.DOC_0U_0U
                0x0000057c        0x4 ./synergy/ssp/src/bsp/mcu/s7g2/bsp_hw_locks.o
                0x0000057c                g_lock_lookup_DOC_0U_0U
 .hw_lock_lookup.DRW_0U_0U
                0x00000580        0x4 ./synergy/ssp/src/bsp/mcu/s7g2/bsp_hw_locks.o
                0x00000580                g_lock_lookup_DRW_0U_0U
 .hw_lock_lookup.DTC_0U_0U
                0x00000584        0x4 ./synergy/ssp/src/bsp/mcu/s7g2/bsp_hw_locks.o
                0x00000584                g_lock_lookup_DTC_0U_0U
 .hw_lock_lookup.ELC_0U_0U
                0x00000588        0x4 ./synergy/ssp/src/bsp/mcu/s7g2/bsp_hw_locks.o
                0x00000588                g_lock_lookup_ELC_0U_0U
 .hw_lock_lookup.EPTPC_0U_0U
                0x0000058c        0x4 ./synergy/ssp/src/bsp/mcu/s7g2/bsp_hw_locks.o
                0x0000058c                g_lock_lookup_EPTPC_0U_0U
 .hw_lock_lookup.ETHER_0U_0U
                0x00000590        0x4 ./synergy/ssp/src/bsp/mcu/s7g2/bsp_hw_locks.o
                0x00000590                g_lock_lookup_ETHER_0U_0U
 .hw_lock_lookup.ETHER_0U_1U
                0x00000594        0x4 ./synergy/ssp/src/bsp/mcu/s7g2/bsp_hw_locks.o
                0x00000594                g_lock_lookup_ETHER_0U_1U
 .hw_lock_lookup.FCU_0U_0U
                0x00000598        0x4 ./synergy/ssp/src/bsp/mcu/s7g2/bsp_hw_locks.o
                0x00000598                g_lock_lookup_FCU_0U_0U
 .hw_lock_lookup.GLCDC_0U_0U
                0x0000059c        0x4 ./synergy/ssp/src/bsp/mcu/s7g2/bsp_hw_locks.o
                0x0000059c                g_lock_lookup_GLCDC_0U_0U
 .hw_lock_lookup.GPT_0U_0U
                0x000005a0        0x4 ./synergy/ssp/src/bsp/mcu/s7g2/bsp_hw_locks.o
                0x000005a0                g_lock_lookup_GPT_0U_0U
 .hw_lock_lookup.GPT_0U_10U
                0x000005a4        0x4 ./synergy/ssp/src/bsp/mcu/s7g2/bsp_hw_locks.o
                0x000005a4                g_lock_lookup_GPT_0U_10U
 .hw_lock_lookup.GPT_0U_11U
                0x000005a8        0x4 ./synergy/ssp/src/bsp/mcu/s7g2/bsp_hw_locks.o
                0x000005a8                g_lock_lookup_GPT_0U_11U
 .hw_lock_lookup.GPT_0U_12U
                0x000005ac        0x4 ./synergy/ssp/src/bsp/mcu/s7g2/bsp_hw_locks.o
                0x000005ac                g_lock_lookup_GPT_0U_12U
 .hw_lock_lookup.GPT_0U_13U
                0x000005b0        0x4 ./synergy/ssp/src/bsp/mcu/s7g2/bsp_hw_locks.o
                0x000005b0                g_lock_lookup_GPT_0U_13U
 .hw_lock_lookup.GPT_0U_1U
                0x000005b4        0x4 ./synergy/ssp/src/bsp/mcu/s7g2/bsp_hw_locks.o
                0x000005b4                g_lock_lookup_GPT_0U_1U
 .hw_lock_lookup.GPT_0U_2U
                0x000005b8        0x4 ./synergy/ssp/src/bsp/mcu/s7g2/bsp_hw_locks.o
                0x000005b8                g_lock_lookup_GPT_0U_2U
 .hw_lock_lookup.GPT_0U_3U
                0x000005bc        0x4 ./synergy/ssp/src/bsp/mcu/s7g2/bsp_hw_locks.o
                0x000005bc                g_lock_lookup_GPT_0U_3U
 .hw_lock_lookup.GPT_0U_4U
                0x000005c0        0x4 ./synergy/ssp/src/bsp/mcu/s7g2/bsp_hw_locks.o
                0x000005c0                g_lock_lookup_GPT_0U_4U
 .hw_lock_lookup.GPT_0U_5U
                0x000005c4        0x4 ./synergy/ssp/src/bsp/mcu/s7g2/bsp_hw_locks.o
                0x000005c4                g_lock_lookup_GPT_0U_5U
 .hw_lock_lookup.GPT_0U_6U
                0x000005c8        0x4 ./synergy/ssp/src/bsp/mcu/s7g2/bsp_hw_locks.o
                0x000005c8                g_lock_lookup_GPT_0U_6U
 .hw_lock_lookup.GPT_0U_7U
                0x000005cc        0x4 ./synergy/ssp/src/bsp/mcu/s7g2/bsp_hw_locks.o
                0x000005cc                g_lock_lookup_GPT_0U_7U
 .hw_lock_lookup.GPT_0U_8U
                0x000005d0        0x4 ./synergy/ssp/src/bsp/mcu/s7g2/bsp_hw_locks.o
                0x000005d0                g_lock_lookup_GPT_0U_8U
 .hw_lock_lookup.GPT_0U_9U
                0x000005d4        0x4 ./synergy/ssp/src/bsp/mcu/s7g2/bsp_hw_locks.o
                0x000005d4                g_lock_lookup_GPT_0U_9U
 .hw_lock_lookup.ICU_0U_0U
                0x000005d8        0x4 ./synergy/ssp/src/bsp/mcu/s7g2/bsp_hw_locks.o
                0x000005d8                g_lock_lookup_ICU_0U_0U
 .hw_lock_lookup.ICU_0U_10U
                0x000005dc        0x4 ./synergy/ssp/src/bsp/mcu/s7g2/bsp_hw_locks.o
                0x000005dc                g_lock_lookup_ICU_0U_10U
 .hw_lock_lookup.ICU_0U_11U
                0x000005e0        0x4 ./synergy/ssp/src/bsp/mcu/s7g2/bsp_hw_locks.o
                0x000005e0                g_lock_lookup_ICU_0U_11U
 .hw_lock_lookup.ICU_0U_12U
                0x000005e4        0x4 ./synergy/ssp/src/bsp/mcu/s7g2/bsp_hw_locks.o
                0x000005e4                g_lock_lookup_ICU_0U_12U
 .hw_lock_lookup.ICU_0U_13U
                0x000005e8        0x4 ./synergy/ssp/src/bsp/mcu/s7g2/bsp_hw_locks.o
                0x000005e8                g_lock_lookup_ICU_0U_13U
 .hw_lock_lookup.ICU_0U_14U
                0x000005ec        0x4 ./synergy/ssp/src/bsp/mcu/s7g2/bsp_hw_locks.o
                0x000005ec                g_lock_lookup_ICU_0U_14U
 .hw_lock_lookup.ICU_0U_15U
                0x000005f0        0x4 ./synergy/ssp/src/bsp/mcu/s7g2/bsp_hw_locks.o
                0x000005f0                g_lock_lookup_ICU_0U_15U
 .hw_lock_lookup.ICU_0U_1U
                0x000005f4        0x4 ./synergy/ssp/src/bsp/mcu/s7g2/bsp_hw_locks.o
                0x000005f4                g_lock_lookup_ICU_0U_1U
 .hw_lock_lookup.ICU_0U_2U
                0x000005f8        0x4 ./synergy/ssp/src/bsp/mcu/s7g2/bsp_hw_locks.o
                0x000005f8                g_lock_lookup_ICU_0U_2U
 .hw_lock_lookup.ICU_0U_3U
                0x000005fc        0x4 ./synergy/ssp/src/bsp/mcu/s7g2/bsp_hw_locks.o
                0x000005fc                g_lock_lookup_ICU_0U_3U
 .hw_lock_lookup.ICU_0U_4U
                0x00000600        0x4 ./synergy/ssp/src/bsp/mcu/s7g2/bsp_hw_locks.o
                0x00000600                g_lock_lookup_ICU_0U_4U
 .hw_lock_lookup.ICU_0U_5U
                0x00000604        0x4 ./synergy/ssp/src/bsp/mcu/s7g2/bsp_hw_locks.o
                0x00000604                g_lock_lookup_ICU_0U_5U
 .hw_lock_lookup.ICU_0U_6U
                0x00000608        0x4 ./synergy/ssp/src/bsp/mcu/s7g2/bsp_hw_locks.o
                0x00000608                g_lock_lookup_ICU_0U_6U
 .hw_lock_lookup.ICU_0U_7U
                0x0000060c        0x4 ./synergy/ssp/src/bsp/mcu/s7g2/bsp_hw_locks.o
                0x0000060c                g_lock_lookup_ICU_0U_7U
 .hw_lock_lookup.ICU_0U_8U
                0x00000610        0x4 ./synergy/ssp/src/bsp/mcu/s7g2/bsp_hw_locks.o
                0x00000610                g_lock_lookup_ICU_0U_8U
 .hw_lock_lookup.ICU_0U_9U
                0x00000614        0x4 ./synergy/ssp/src/bsp/mcu/s7g2/bsp_hw_locks.o
                0x00000614                g_lock_lookup_ICU_0U_9U
 .hw_lock_lookup.IIC_0U_0U
                0x00000618        0x4 ./synergy/ssp/src/bsp/mcu/s7g2/bsp_hw_locks.o
                0x00000618                g_lock_lookup_IIC_0U_0U
 .hw_lock_lookup.IIC_0U_1U
                0x0000061c        0x4 ./synergy/ssp/src/bsp/mcu/s7g2/bsp_hw_locks.o
                0x0000061c                g_lock_lookup_IIC_0U_1U
 .hw_lock_lookup.IIC_0U_2U
                0x00000620        0x4 ./synergy/ssp/src/bsp/mcu/s7g2/bsp_hw_locks.o
                0x00000620                g_lock_lookup_IIC_0U_2U
 .hw_lock_lookup.IRDA_0U_0U
                0x00000624        0x4 ./synergy/ssp/src/bsp/mcu/s7g2/bsp_hw_locks.o
                0x00000624                g_lock_lookup_IRDA_0U_0U
 .hw_lock_lookup.IWDT_0U_0U
                0x00000628        0x4 ./synergy/ssp/src/bsp/mcu/s7g2/bsp_hw_locks.o
                0x00000628                g_lock_lookup_IWDT_0U_0U
 .hw_lock_lookup.JPEG_0U_0U
                0x0000062c        0x4 ./synergy/ssp/src/bsp/mcu/s7g2/bsp_hw_locks.o
                0x0000062c                g_lock_lookup_JPEG_0U_0U
 .hw_lock_lookup.KEY_0U_0U
                0x00000630        0x4 ./synergy/ssp/src/bsp/mcu/s7g2/bsp_hw_locks.o
                0x00000630                g_lock_lookup_KEY_0U_0U
 .hw_lock_lookup.LPM_1U_0U
                0x00000634        0x4 ./synergy/ssp/src/bsp/mcu/s7g2/bsp_hw_locks.o
                0x00000634                g_lock_lookup_LPM_1U_0U
 .hw_lock_lookup.LVD_0U_0U
                0x00000638        0x4 ./synergy/ssp/src/bsp/mcu/s7g2/bsp_hw_locks.o
                0x00000638                g_lock_lookup_LVD_0U_0U
 .hw_lock_lookup.LVD_0U_1U
                0x0000063c        0x4 ./synergy/ssp/src/bsp/mcu/s7g2/bsp_hw_locks.o
                0x0000063c                g_lock_lookup_LVD_0U_1U
 .hw_lock_lookup.MMF_0U_0U
                0x00000640        0x4 ./synergy/ssp/src/bsp/mcu/s7g2/bsp_hw_locks.o
                0x00000640                g_lock_lookup_MMF_0U_0U
 .hw_lock_lookup.MPU_0U_0U
                0x00000644        0x4 ./synergy/ssp/src/bsp/mcu/s7g2/bsp_hw_locks.o
                0x00000644                g_lock_lookup_MPU_0U_0U
 .hw_lock_lookup.OPS_0U_0U
                0x00000648        0x4 ./synergy/ssp/src/bsp/mcu/s7g2/bsp_hw_locks.o
                0x00000648                g_lock_lookup_OPS_0U_0U
 .hw_lock_lookup.PDC_0U_0U
                0x0000064c        0x4 ./synergy/ssp/src/bsp/mcu/s7g2/bsp_hw_locks.o
                0x0000064c                g_lock_lookup_PDC_0U_0U
 .hw_lock_lookup.POEG_0U_0U
                0x00000650        0x4 ./synergy/ssp/src/bsp/mcu/s7g2/bsp_hw_locks.o
                0x00000650                g_lock_lookup_POEG_0U_0U
 .hw_lock_lookup.POEG_0U_1U
                0x00000654        0x4 ./synergy/ssp/src/bsp/mcu/s7g2/bsp_hw_locks.o
                0x00000654                g_lock_lookup_POEG_0U_1U
 .hw_lock_lookup.POEG_0U_2U
                0x00000658        0x4 ./synergy/ssp/src/bsp/mcu/s7g2/bsp_hw_locks.o
                0x00000658                g_lock_lookup_POEG_0U_2U
 .hw_lock_lookup.POEG_0U_3U
                0x0000065c        0x4 ./synergy/ssp/src/bsp/mcu/s7g2/bsp_hw_locks.o
                0x0000065c                g_lock_lookup_POEG_0U_3U
 .hw_lock_lookup.QSPI_0U_0U
                0x00000660        0x4 ./synergy/ssp/src/bsp/mcu/s7g2/bsp_hw_locks.o
                0x00000660                g_lock_lookup_QSPI_0U_0U
 .hw_lock_lookup.RTC_0U_0U
                0x00000664        0x4 ./synergy/ssp/src/bsp/mcu/s7g2/bsp_hw_locks.o
                0x00000664                g_lock_lookup_RTC_0U_0U
 .hw_lock_lookup.SCE_0U_0U
                0x00000668        0x4 ./synergy/ssp/src/bsp/mcu/s7g2/bsp_hw_locks.o
                0x00000668                g_lock_lookup_SCE_0U_0U
 .hw_lock_lookup.SCI_0U_0U
                0x0000066c        0x4 ./synergy/ssp/src/bsp/mcu/s7g2/bsp_hw_locks.o
                0x0000066c                g_lock_lookup_SCI_0U_0U
 .hw_lock_lookup.SCI_0U_1U
                0x00000670        0x4 ./synergy/ssp/src/bsp/mcu/s7g2/bsp_hw_locks.o
                0x00000670                g_lock_lookup_SCI_0U_1U
 .hw_lock_lookup.SCI_0U_2U
                0x00000674        0x4 ./synergy/ssp/src/bsp/mcu/s7g2/bsp_hw_locks.o
                0x00000674                g_lock_lookup_SCI_0U_2U
 .hw_lock_lookup.SCI_0U_3U
                0x00000678        0x4 ./synergy/ssp/src/bsp/mcu/s7g2/bsp_hw_locks.o
                0x00000678                g_lock_lookup_SCI_0U_3U
 .hw_lock_lookup.SCI_0U_4U
                0x0000067c        0x4 ./synergy/ssp/src/bsp/mcu/s7g2/bsp_hw_locks.o
                0x0000067c                g_lock_lookup_SCI_0U_4U
 .hw_lock_lookup.SCI_0U_5U
                0x00000680        0x4 ./synergy/ssp/src/bsp/mcu/s7g2/bsp_hw_locks.o
                0x00000680                g_lock_lookup_SCI_0U_5U
 .hw_lock_lookup.SCI_0U_6U
                0x00000684        0x4 ./synergy/ssp/src/bsp/mcu/s7g2/bsp_hw_locks.o
                0x00000684                g_lock_lookup_SCI_0U_6U
 .hw_lock_lookup.SCI_0U_7U
                0x00000688        0x4 ./synergy/ssp/src/bsp/mcu/s7g2/bsp_hw_locks.o
                0x00000688                g_lock_lookup_SCI_0U_7U
 .hw_lock_lookup.SCI_0U_8U
                0x0000068c        0x4 ./synergy/ssp/src/bsp/mcu/s7g2/bsp_hw_locks.o
                0x0000068c                g_lock_lookup_SCI_0U_8U
 .hw_lock_lookup.SCI_0U_9U
                0x00000690        0x4 ./synergy/ssp/src/bsp/mcu/s7g2/bsp_hw_locks.o
                0x00000690                g_lock_lookup_SCI_0U_9U
 .hw_lock_lookup.SDHIMMC_0U_0U
                0x00000694        0x4 ./synergy/ssp/src/bsp/mcu/s7g2/bsp_hw_locks.o
                0x00000694                g_lock_lookup_SDHIMMC_0U_0U
 .hw_lock_lookup.SDHIMMC_0U_1U
                0x00000698        0x4 ./synergy/ssp/src/bsp/mcu/s7g2/bsp_hw_locks.o
                0x00000698                g_lock_lookup_SDHIMMC_0U_1U
 .hw_lock_lookup.SPI_0U_0U
                0x0000069c        0x4 ./synergy/ssp/src/bsp/mcu/s7g2/bsp_hw_locks.o
                0x0000069c                g_lock_lookup_SPI_0U_0U
 .hw_lock_lookup.SPI_0U_1U
                0x000006a0        0x4 ./synergy/ssp/src/bsp/mcu/s7g2/bsp_hw_locks.o
                0x000006a0                g_lock_lookup_SPI_0U_1U
 .hw_lock_lookup.SRC_0U_0U
                0x000006a4        0x4 ./synergy/ssp/src/bsp/mcu/s7g2/bsp_hw_locks.o
                0x000006a4                g_lock_lookup_SRC_0U_0U
 .hw_lock_lookup.SSI_0U_0U
                0x000006a8        0x4 ./synergy/ssp/src/bsp/mcu/s7g2/bsp_hw_locks.o
                0x000006a8                g_lock_lookup_SSI_0U_0U
 .hw_lock_lookup.SSI_0U_1U
                0x000006ac        0x4 ./synergy/ssp/src/bsp/mcu/s7g2/bsp_hw_locks.o
                0x000006ac                g_lock_lookup_SSI_0U_1U
 .hw_lock_lookup.TSN_0U_0U
                0x000006b0        0x4 ./synergy/ssp/src/bsp/mcu/s7g2/bsp_hw_locks.o
                0x000006b0                g_lock_lookup_TSN_0U_0U
 .hw_lock_lookup.USB_0U_0U
                0x000006b4        0x4 ./synergy/ssp/src/bsp/mcu/s7g2/bsp_hw_locks.o
                0x000006b4                g_lock_lookup_USB_0U_0U
 .hw_lock_lookup.USB_1U_0U
                0x000006b8        0x4 ./synergy/ssp/src/bsp/mcu/s7g2/bsp_hw_locks.o
                0x000006b8                g_lock_lookup_USB_1U_0U
 .hw_lock_lookup.WDT_0U_0U
                0x000006bc        0x4 ./synergy/ssp/src/bsp/mcu/s7g2/bsp_hw_locks.o
                0x000006bc                g_lock_lookup_WDT_0U_0U
                0x000006c0                __Lock_Lookup_End = .
 *(.text*)
 .text          0x000006c0       0x5c c:/renesas/synergy/e2studio_v5.4.0.023_ssp_v1.3.3/toolchains/gcc_arm/4.9_2015q3/bin/../lib/gcc/arm-none-eabi/4.9.3/armv7e-m/fpu/crtbegin.o
 .text.R_IOPORT_PinRead
                0x0000071c       0x48 ./synergy/ssp/src/driver/r_ioport/r_ioport.o
                0x0000071c                R_IOPORT_PinRead
 .text.R_IOPORT_PortRead
                0x00000764       0x28 ./synergy/ssp/src/driver/r_ioport/r_ioport.o
                0x00000764                R_IOPORT_PortRead
 .text.R_IOPORT_PortEventInputRead
                0x0000078c       0x28 ./synergy/ssp/src/driver/r_ioport/r_ioport.o
                0x0000078c                R_IOPORT_PortEventInputRead
 .text.R_IOPORT_PinEventInputRead
                0x000007b4       0x58 ./synergy/ssp/src/driver/r_ioport/r_ioport.o
                0x000007b4                R_IOPORT_PinEventInputRead
 .text.R_IOPORT_PortEventOutputWrite
                0x0000080c       0x38 ./synergy/ssp/src/driver/r_ioport/r_ioport.o
                0x0000080c                R_IOPORT_PortEventOutputWrite
 .text.R_IOPORT_PinEventOutputWrite
                0x00000844       0x54 ./synergy/ssp/src/driver/r_ioport/r_ioport.o
                0x00000844                R_IOPORT_PinEventOutputWrite
 .text.R_IOPORT_VersionGet
                0x00000898       0x18 ./synergy/ssp/src/driver/r_ioport/r_ioport.o
                0x00000898                R_IOPORT_VersionGet
 .text.R_IOPORT_PinDirectionSet
                0x000008b0       0xcc ./synergy/ssp/src/driver/r_ioport/r_ioport.o
                0x000008b0                R_IOPORT_PinDirectionSet
 .text.R_IOPORT_PortWrite
                0x0000097c       0x38 ./synergy/ssp/src/driver/r_ioport/r_ioport.o
                0x0000097c                R_IOPORT_PortWrite
 .text.R_IOPORT_PortDirectionSet
                0x000009b4       0x40 ./synergy/ssp/src/driver/r_ioport/r_ioport.o
                0x000009b4                R_IOPORT_PortDirectionSet
 .text.bsp_vbatt_init.isra.4
                0x000009f4       0x8c ./synergy/ssp/src/driver/r_ioport/r_ioport.o
 .text.R_IOPORT_EthernetModeCfg
                0x00000a80       0x58 ./synergy/ssp/src/driver/r_ioport/r_ioport.o
                0x00000a80                R_IOPORT_EthernetModeCfg
 .text.R_IOPORT_PinsCfg
                0x00000ad8       0xe0 ./synergy/ssp/src/driver/r_ioport/r_ioport.o
                0x00000ad8                R_IOPORT_PinsCfg
 .text.R_IOPORT_Init
                0x00000bb8       0x78 ./synergy/ssp/src/driver/r_ioport/r_ioport.o
                0x00000bb8                R_IOPORT_Init
 .text.R_IOPORT_PinCfg
                0x00000c30       0xd0 ./synergy/ssp/src/driver/r_ioport/r_ioport.o
                0x00000c30                R_IOPORT_PinCfg
 .text.R_IOPORT_PinWrite
                0x00000d00       0xcc ./synergy/ssp/src/driver/r_ioport/r_ioport.o
                0x00000d00                R_IOPORT_PinWrite
 .text.R_GPT_VersionGet
                0x00000dcc       0x14 ./synergy/ssp/src/driver/r_gpt/r_gpt.o
                0x00000dcc                R_GPT_VersionGet
 .text.gpt_period_to_pclk
                0x00000de0      0x108 ./synergy/ssp/src/driver/r_gpt/r_gpt.o
 .text.gpt_duty_cycle_to_pclk
                0x00000ee8       0x60 ./synergy/ssp/src/driver/r_gpt/r_gpt.o
 .text.R_GPT_Stop
                0x00000f48       0x28 ./synergy/ssp/src/driver/r_gpt/r_gpt.o
                0x00000f48                R_GPT_Stop
 .text.R_GPT_Start
                0x00000f70       0x28 ./synergy/ssp/src/driver/r_gpt/r_gpt.o
                0x00000f70                R_GPT_Start
 .text.R_GPT_CounterGet
                0x00000f98       0x28 ./synergy/ssp/src/driver/r_gpt/r_gpt.o
                0x00000f98                R_GPT_CounterGet
 .text.R_GPT_Reset
                0x00000fc0       0x4c ./synergy/ssp/src/driver/r_gpt/r_gpt.o
                0x00000fc0                R_GPT_Reset
 .text.R_GPT_PeriodSet
                0x0000100c       0x80 ./synergy/ssp/src/driver/r_gpt/r_gpt.o
                0x0000100c                R_GPT_PeriodSet
 .text.R_GPT_InfoGet
                0x0000108c       0x88 ./synergy/ssp/src/driver/r_gpt/r_gpt.o
                0x0000108c                R_GPT_InfoGet
 .text.R_GPT_DutyCycleSet
                0x00001114       0xb8 ./synergy/ssp/src/driver/r_gpt/r_gpt.o
                0x00001114                R_GPT_DutyCycleSet
 .text.R_GPT_Close
                0x000011cc       0xa4 ./synergy/ssp/src/driver/r_gpt/r_gpt.o
                0x000011cc                R_GPT_Close
 .text.R_GPT_TimerOpen
                0x00001270      0x430 ./synergy/ssp/src/driver/r_gpt/r_gpt.o
                0x00001270                R_GPT_TimerOpen
 .text.gpt_counter_overflow_isr
                0x000016a0       0x64 ./synergy/ssp/src/driver/r_gpt/r_gpt.o
                0x000016a0                gpt_counter_overflow_isr
 .text.R_FMI_ProductInfoGet
                0x00001704       0x28 ./synergy/ssp/src/driver/r_fmi/r_fmi.o
 .text.R_FMI_UniqueIdGet
                0x0000172c       0x30 ./synergy/ssp/src/driver/r_fmi/r_fmi.o
 .text.R_FMI_EventInfoGet
                0x0000175c       0x6c ./synergy/ssp/src/driver/r_fmi/r_fmi.o
 .text.R_FMI_VersionGet
                0x000017c8       0x14 ./synergy/ssp/src/driver/r_fmi/r_fmi.o
 .text.R_FMI_Init
                0x000017dc       0xbc ./synergy/ssp/src/driver/r_fmi/r_fmi.o
 .text.R_FMI_FeatureGet
                0x00001898      0x244 ./synergy/ssp/src/driver/r_fmi/r_fmi.o
 .text.R_ELC_LinkSet
                0x00001adc       0x14 ./synergy/ssp/src/driver/r_elc/r_elc.o
                0x00001adc                R_ELC_LinkSet
 .text.R_ELC_LinkBreak
                0x00001af0       0x14 ./synergy/ssp/src/driver/r_elc/r_elc.o
                0x00001af0                R_ELC_LinkBreak
 .text.R_ELC_Enable
                0x00001b04       0x14 ./synergy/ssp/src/driver/r_elc/r_elc.o
                0x00001b04                R_ELC_Enable
 .text.R_ELC_Disable
                0x00001b18       0x14 ./synergy/ssp/src/driver/r_elc/r_elc.o
                0x00001b18                R_ELC_Disable
 .text.R_ELC_VersionGet
                0x00001b2c       0x14 ./synergy/ssp/src/driver/r_elc/r_elc.o
                0x00001b2c                R_ELC_VersionGet
 .text.R_ELC_SoftwareEventGenerate
                0x00001b40       0x30 ./synergy/ssp/src/driver/r_elc/r_elc.o
                0x00001b40                R_ELC_SoftwareEventGenerate
 .text.R_ELC_Init
                0x00001b70       0x80 ./synergy/ssp/src/driver/r_elc/r_elc.o
                0x00001b70                R_ELC_Init
 .text.R_DTC_Start
                0x00001bf0        0x4 ./synergy/ssp/src/driver/r_dtc/r_dtc.o
                0x00001bf0                R_DTC_Start
 .text.R_DTC_Stop
                0x00001bf4        0x4 ./synergy/ssp/src/driver/r_dtc/r_dtc.o
                0x00001bf4                R_DTC_Stop
 .text.R_DTC_Disable
                0x00001bf8       0x34 ./synergy/ssp/src/driver/r_dtc/r_dtc.o
                0x00001bf8                R_DTC_Disable
 .text.R_DTC_VersionGet
                0x00001c2c       0x14 ./synergy/ssp/src/driver/r_dtc/r_dtc.o
                0x00001c2c                R_DTC_VersionGet
 .text.R_DTC_InfoGet
                0x00001c40       0x78 ./synergy/ssp/src/driver/r_dtc/r_dtc.o
                0x00001c40                R_DTC_InfoGet
 .text.R_DTC_Close
                0x00001cb8       0x58 ./synergy/ssp/src/driver/r_dtc/r_dtc.o
                0x00001cb8                R_DTC_Close
 .text.R_DTC_Enable
                0x00001d10       0x84 ./synergy/ssp/src/driver/r_dtc/r_dtc.o
                0x00001d10                R_DTC_Enable
 .text.R_DTC_BlockReset
                0x00001d94       0xd0 ./synergy/ssp/src/driver/r_dtc/r_dtc.o
                0x00001d94                R_DTC_BlockReset
 .text.R_DTC_Open
                0x00001e64      0x180 ./synergy/ssp/src/driver/r_dtc/r_dtc.o
                0x00001e64                R_DTC_Open
 .text.R_DTC_Reset
                0x00001fe4       0xcc ./synergy/ssp/src/driver/r_dtc/r_dtc.o
                0x00001fe4                R_DTC_Reset
 .text.R_DAC_VersionGet
                0x000020b0       0x14 ./synergy/ssp/src/driver/r_dac/r_dac.o
                0x000020b0                R_DAC_VersionGet
 .text.R_DAC_Write
                0x000020c4       0x3c ./synergy/ssp/src/driver/r_dac/r_dac.o
                0x000020c4                R_DAC_Write
 .text.R_DAC_Start
                0x00002100       0x34 ./synergy/ssp/src/driver/r_dac/r_dac.o
                0x00002100                R_DAC_Start
 .text.R_DAC_Stop
                0x00002134       0x34 ./synergy/ssp/src/driver/r_dac/r_dac.o
                0x00002134                R_DAC_Stop
 .text.R_DAC_Open
                0x00002168      0x114 ./synergy/ssp/src/driver/r_dac/r_dac.o
                0x00002168                R_DAC_Open
 .text.R_DAC_Close
                0x0000227c       0x54 ./synergy/ssp/src/driver/r_dac/r_dac.o
                0x0000227c                R_DAC_Close
 .text.HW_CGC_Init
                0x000022d0       0x34 ./synergy/ssp/src/driver/r_cgc/hw/hw_cgc.o
                0x000022d0                HW_CGC_Init
 .text.HW_CGC_InitPLLFreq
                0x00002304       0xf4 ./synergy/ssp/src/driver/r_cgc/hw/hw_cgc.o
                0x00002304                HW_CGC_InitPLLFreq
 .text.HW_CGC_MainClockDriveSet
                0x000023f8       0x3c ./synergy/ssp/src/driver/r_cgc/hw/hw_cgc.o
                0x000023f8                HW_CGC_MainClockDriveSet
 .text.HW_CGC_SubClockDriveSet
                0x00002434       0x3c ./synergy/ssp/src/driver/r_cgc/hw/hw_cgc.o
                0x00002434                HW_CGC_SubClockDriveSet
 .text.HW_CGC_ClockStart
                0x00002470       0xa0 ./synergy/ssp/src/driver/r_cgc/hw/hw_cgc.o
                0x00002470                HW_CGC_ClockStart
 .text.HW_CGC_ClockStop
                0x00002510       0xa0 ./synergy/ssp/src/driver/r_cgc/hw/hw_cgc.o
                0x00002510                HW_CGC_ClockStop
 .text.HW_CGC_ClockCheck
                0x000025b0       0x2c ./synergy/ssp/src/driver/r_cgc/hw/hw_cgc.o
                0x000025b0                HW_CGC_ClockCheck
 .text.HW_CGC_ClockRunStateGet
                0x000025dc       0x68 ./synergy/ssp/src/driver/r_cgc/hw/hw_cgc.o
                0x000025dc                HW_CGC_ClockRunStateGet
 .text.HW_CGC_DelayCycles
                0x00002644        0x8 ./synergy/ssp/src/driver/r_cgc/hw/hw_cgc.o
                0x00002644                HW_CGC_DelayCycles
 .text.HW_CGC_MainOscSourceSet
                0x0000264c       0x2c ./synergy/ssp/src/driver/r_cgc/hw/hw_cgc.o
                0x0000264c                HW_CGC_MainOscSourceSet
 .text.HW_CGC_ClockWaitSet
                0x00002678       0x28 ./synergy/ssp/src/driver/r_cgc/hw/hw_cgc.o
                0x00002678                HW_CGC_ClockWaitSet
 .text.HW_CGC_ClockSourceValidCheck
                0x000026a0       0x28 ./synergy/ssp/src/driver/r_cgc/hw/hw_cgc.o
                0x000026a0                HW_CGC_ClockSourceValidCheck
 .text.HW_CGC_SystemClockValidCheck
                0x000026c8        0xc ./synergy/ssp/src/driver/r_cgc/hw/hw_cgc.o
                0x000026c8                HW_CGC_SystemClockValidCheck
 .text.HW_CGC_ClockSourceGet
                0x000026d4        0xc ./synergy/ssp/src/driver/r_cgc/hw/hw_cgc.o
                0x000026d4                HW_CGC_ClockSourceGet
 .text.HW_CGC_ClockSourceSet
                0x000026e0       0x28 ./synergy/ssp/src/driver/r_cgc/hw/hw_cgc.o
                0x000026e0                HW_CGC_ClockSourceSet
 .text.HW_CGC_PLLClockSourceGet
                0x00002708       0x24 ./synergy/ssp/src/driver/r_cgc/hw/hw_cgc.o
                0x00002708                HW_CGC_PLLClockSourceGet
 .text.HW_CGC_PLLClockSourceSet
                0x0000272c       0x28 ./synergy/ssp/src/driver/r_cgc/hw/hw_cgc.o
                0x0000272c                HW_CGC_PLLClockSourceSet
 .text.HW_CGC_PLLMultiplierSet
                0x00002754       0x90 ./synergy/ssp/src/driver/r_cgc/hw/hw_cgc.o
                0x00002754                HW_CGC_PLLMultiplierSet
 .text.HW_CGC_PLLDividerSet
                0x000027e4       0x88 ./synergy/ssp/src/driver/r_cgc/hw/hw_cgc.o
                0x000027e4                HW_CGC_PLLDividerSet
 .text.HW_CGC_SystemDividersSet
                0x0000286c       0x70 ./synergy/ssp/src/driver/r_cgc/hw/hw_cgc.o
                0x0000286c                HW_CGC_SystemDividersSet
 .text.HW_CGC_SystemDividersGet
                0x000028dc       0x3c ./synergy/ssp/src/driver/r_cgc/hw/hw_cgc.o
                0x000028dc                HW_CGC_SystemDividersGet
 .text.HW_CGC_ClockCfgValidCheck
                0x00002918       0x58 ./synergy/ssp/src/driver/r_cgc/hw/hw_cgc.o
                0x00002918                HW_CGC_ClockCfgValidCheck
 .text.HW_CGC_ClockDividerGet
                0x00002970       0x4c ./synergy/ssp/src/driver/r_cgc/hw/hw_cgc.o
                0x00002970                HW_CGC_ClockDividerGet
 .text.HW_CGC_ClockHzGet
                0x000029bc       0x20 ./synergy/ssp/src/driver/r_cgc/hw/hw_cgc.o
                0x000029bc                HW_CGC_ClockHzGet
 .text.HW_CGC_ClockHzCalculate
                0x000029dc       0x10 ./synergy/ssp/src/driver/r_cgc/hw/hw_cgc.o
                0x000029dc                HW_CGC_ClockHzCalculate
 .text.HW_CGC_OperatingModeSet
                0x000029ec       0xb0 ./synergy/ssp/src/driver/r_cgc/hw/hw_cgc.o
                0x000029ec                HW_CGC_OperatingModeSet
 .text.HW_CGC_OperatingModeGet
                0x00002a9c       0x14 ./synergy/ssp/src/driver/r_cgc/hw/hw_cgc.o
                0x00002a9c                HW_CGC_OperatingModeGet
 .text.HW_CGC_OscStopDetectEnable
                0x00002ab0       0x2c ./synergy/ssp/src/driver/r_cgc/hw/hw_cgc.o
                0x00002ab0                HW_CGC_OscStopDetectEnable
 .text.HW_CGC_OscStopDetectDisable
                0x00002adc       0x2c ./synergy/ssp/src/driver/r_cgc/hw/hw_cgc.o
                0x00002adc                HW_CGC_OscStopDetectDisable
 .text.HW_CGC_OscStopDetectEnabledGet
                0x00002b08        0x8 ./synergy/ssp/src/driver/r_cgc/hw/hw_cgc.o
                0x00002b08                HW_CGC_OscStopDetectEnabledGet
 .text.HW_CGC_OscStopDetectGet
                0x00002b10        0xc ./synergy/ssp/src/driver/r_cgc/hw/hw_cgc.o
                0x00002b10                HW_CGC_OscStopDetectGet
 .text.HW_CGC_OscStopStatusClear
                0x00002b1c       0x30 ./synergy/ssp/src/driver/r_cgc/hw/hw_cgc.o
                0x00002b1c                HW_CGC_OscStopStatusClear
 .text.HW_CGC_BusClockOutCfg
                0x00002b4c       0x28 ./synergy/ssp/src/driver/r_cgc/hw/hw_cgc.o
                0x00002b4c                HW_CGC_BusClockOutCfg
 .text.HW_CGC_BusClockOutEnable
                0x00002b74       0x20 ./synergy/ssp/src/driver/r_cgc/hw/hw_cgc.o
                0x00002b74                HW_CGC_BusClockOutEnable
 .text.HW_CGC_BusClockOutDisable
                0x00002b94       0x20 ./synergy/ssp/src/driver/r_cgc/hw/hw_cgc.o
                0x00002b94                HW_CGC_BusClockOutDisable
 .text.HW_CGC_ClockOutCfg
                0x00002bb4       0x4c ./synergy/ssp/src/driver/r_cgc/hw/hw_cgc.o
                0x00002bb4                HW_CGC_ClockOutCfg
 .text.HW_CGC_ClockOutEnable
                0x00002c00       0x20 ./synergy/ssp/src/driver/r_cgc/hw/hw_cgc.o
                0x00002c00                HW_CGC_ClockOutEnable
 .text.HW_CGC_ClockOutDisable
                0x00002c20       0x20 ./synergy/ssp/src/driver/r_cgc/hw/hw_cgc.o
                0x00002c20                HW_CGC_ClockOutDisable
 .text.HW_CGC_SDRAMClockOutEnable
                0x00002c40       0x20 ./synergy/ssp/src/driver/r_cgc/hw/hw_cgc.o
                0x00002c40                HW_CGC_SDRAMClockOutEnable
 .text.HW_CGC_SDRAMClockOutDisable
                0x00002c60       0x20 ./synergy/ssp/src/driver/r_cgc/hw/hw_cgc.o
                0x00002c60                HW_CGC_SDRAMClockOutDisable
 .text.HW_CGC_USBClockCfg
                0x00002c80       0x2c ./synergy/ssp/src/driver/r_cgc/hw/hw_cgc.o
                0x00002c80                HW_CGC_USBClockCfg
 .text.HW_CGC_SystickUpdate
                0x00002cac       0x48 ./synergy/ssp/src/driver/r_cgc/hw/hw_cgc.o
                0x00002cac                HW_CGC_SystickUpdate
 .text.HW_CGC_LCDClockCfg
                0x00002cf4       0x14 ./synergy/ssp/src/driver/r_cgc/hw/hw_cgc.o
                0x00002cf4                HW_CGC_LCDClockCfg
 .text.HW_CGC_LCDClockCfgGet
                0x00002d08        0xc ./synergy/ssp/src/driver/r_cgc/hw/hw_cgc.o
                0x00002d08                HW_CGC_LCDClockCfgGet
 .text.HW_CGC_LCDClockEnable
                0x00002d14       0x10 ./synergy/ssp/src/driver/r_cgc/hw/hw_cgc.o
                0x00002d14                HW_CGC_LCDClockEnable
 .text.HW_CGC_LCDClockDisable
                0x00002d24       0x10 ./synergy/ssp/src/driver/r_cgc/hw/hw_cgc.o
                0x00002d24                HW_CGC_LCDClockDisable
 .text.HW_CGC_LCDClockIsEnabled
                0x00002d34        0x8 ./synergy/ssp/src/driver/r_cgc/hw/hw_cgc.o
                0x00002d34                HW_CGC_LCDClockIsEnabled
 .text.HW_CGC_SDADCClockCfg
                0x00002d3c       0x1c ./synergy/ssp/src/driver/r_cgc/hw/hw_cgc.o
                0x00002d3c                HW_CGC_SDADCClockCfg
 .text.HW_CGC_SDADCClockEnable
                0x00002d58       0x10 ./synergy/ssp/src/driver/r_cgc/hw/hw_cgc.o
                0x00002d58                HW_CGC_SDADCClockEnable
 .text.HW_CGC_SDADCClockDisable
                0x00002d68       0x10 ./synergy/ssp/src/driver/r_cgc/hw/hw_cgc.o
                0x00002d68                HW_CGC_SDADCClockDisable
 .text.HW_CGC_SDADCClockIsEnabled
                0x00002d78        0x8 ./synergy/ssp/src/driver/r_cgc/hw/hw_cgc.o
                0x00002d78                HW_CGC_SDADCClockIsEnabled
 .text.HW_CGC_HocoWaitControlSet
                0x00002d80       0x28 ./synergy/ssp/src/driver/r_cgc/hw/hw_cgc.o
                0x00002d80                HW_CGC_HocoWaitControlSet
 .text.R_CGC_VersionGet
                0x00002da8       0x14 ./synergy/ssp/src/driver/r_cgc/r_cgc.o
                0x00002da8                R_CGC_VersionGet
 .text.R_CGC_Init
                0x00002dbc       0xb4 ./synergy/ssp/src/driver/r_cgc/r_cgc.o
                0x00002dbc                R_CGC_Init
 .text.R_CGC_SystemClockGet
                0x00002e70       0x28 ./synergy/ssp/src/driver/r_cgc/r_cgc.o
                0x00002e70                R_CGC_SystemClockGet
 .text.R_CGC_OscStopDetect
                0x00002e98       0xe4 ./synergy/ssp/src/driver/r_cgc/r_cgc.o
                0x00002e98                R_CGC_OscStopDetect
 .text.R_CGC_OscStopStatusClear
                0x00002f7c       0x50 ./synergy/ssp/src/driver/r_cgc/r_cgc.o
                0x00002f7c                R_CGC_OscStopStatusClear
 .text.R_CGC_BusClockOutCfg
                0x00002fcc       0x14 ./synergy/ssp/src/driver/r_cgc/r_cgc.o
                0x00002fcc                R_CGC_BusClockOutCfg
 .text.R_CGC_BusClockOutEnable
                0x00002fe0       0x14 ./synergy/ssp/src/driver/r_cgc/r_cgc.o
                0x00002fe0                R_CGC_BusClockOutEnable
 .text.R_CGC_BusClockOutDisable
                0x00002ff4       0x14 ./synergy/ssp/src/driver/r_cgc/r_cgc.o
                0x00002ff4                R_CGC_BusClockOutDisable
 .text.R_CGC_ClockOutCfg
                0x00003008       0x18 ./synergy/ssp/src/driver/r_cgc/r_cgc.o
                0x00003008                R_CGC_ClockOutCfg
 .text.R_CGC_ClockOutEnable
                0x00003020       0x14 ./synergy/ssp/src/driver/r_cgc/r_cgc.o
                0x00003020                R_CGC_ClockOutEnable
 .text.R_CGC_ClockOutDisable
                0x00003034       0x14 ./synergy/ssp/src/driver/r_cgc/r_cgc.o
                0x00003034                R_CGC_ClockOutDisable
 .text.R_CGC_ClockCheck
                0x00003048       0x70 ./synergy/ssp/src/driver/r_cgc/r_cgc.o
                0x00003048                R_CGC_ClockCheck
 .text.r_cgc_stabilization_wait
                0x000030b8       0x30 ./synergy/ssp/src/driver/r_cgc/r_cgc.o
 .text.R_CGC_ClockStart
                0x000030e8      0x18c ./synergy/ssp/src/driver/r_cgc/r_cgc.o
                0x000030e8                R_CGC_ClockStart
 .text.R_CGC_ClockStop
                0x00003274       0xc8 ./synergy/ssp/src/driver/r_cgc/r_cgc.o
                0x00003274                R_CGC_ClockStop
 .text.r_cgc_clock_start_stop
                0x0000333c       0x30 ./synergy/ssp/src/driver/r_cgc/r_cgc.o
 .text.R_CGC_SystemClockSet
                0x0000336c      0x1c4 ./synergy/ssp/src/driver/r_cgc/r_cgc.o
                0x0000336c                R_CGC_SystemClockSet
 .text.R_CGC_ClocksCfg
                0x00003530      0x16c ./synergy/ssp/src/driver/r_cgc/r_cgc.o
                0x00003530                R_CGC_ClocksCfg
 .text.R_CGC_SystemClockFreqGet
                0x0000369c       0x34 ./synergy/ssp/src/driver/r_cgc/r_cgc.o
                0x0000369c                R_CGC_SystemClockFreqGet
 .text.R_CGC_LCDClockEnable
                0x000036d0       0x50 ./synergy/ssp/src/driver/r_cgc/r_cgc.o
                0x000036d0                R_CGC_LCDClockEnable
 .text.R_CGC_LCDClockDisable
                0x00003720       0x50 ./synergy/ssp/src/driver/r_cgc/r_cgc.o
                0x00003720                R_CGC_LCDClockDisable
 .text.R_CGC_LCDClockCfg
                0x00003770       0x80 ./synergy/ssp/src/driver/r_cgc/r_cgc.o
                0x00003770                R_CGC_LCDClockCfg
 .text.R_CGC_SDADCClockEnable.part.9
                0x000037f0       0x1c ./synergy/ssp/src/driver/r_cgc/r_cgc.o
 .text.R_CGC_SDADCClockEnable
                0x0000380c       0x1c ./synergy/ssp/src/driver/r_cgc/r_cgc.o
                0x0000380c                R_CGC_SDADCClockEnable
 .text.R_CGC_SDADCClockDisable.part.10
                0x00003828       0x1c ./synergy/ssp/src/driver/r_cgc/r_cgc.o
 .text.R_CGC_SDADCClockDisable
                0x00003844       0x1c ./synergy/ssp/src/driver/r_cgc/r_cgc.o
                0x00003844                R_CGC_SDADCClockDisable
 .text.R_CGC_SDADCClockCfg
                0x00003860       0x60 ./synergy/ssp/src/driver/r_cgc/r_cgc.o
                0x00003860                R_CGC_SDADCClockCfg
 .text.R_CGC_SDRAMClockOutEnable
                0x000038c0       0x1c ./synergy/ssp/src/driver/r_cgc/r_cgc.o
                0x000038c0                R_CGC_SDRAMClockOutEnable
 .text.R_CGC_SDRAMClockOutDisable
                0x000038dc       0x1c ./synergy/ssp/src/driver/r_cgc/r_cgc.o
                0x000038dc                R_CGC_SDRAMClockOutDisable
 .text.R_CGC_USBClockCfg
                0x000038f8       0x20 ./synergy/ssp/src/driver/r_cgc/r_cgc.o
                0x000038f8                R_CGC_USBClockCfg
 .text.R_CGC_SystickUpdate
                0x00003918       0x50 ./synergy/ssp/src/driver/r_cgc/r_cgc.o
                0x00003918                R_CGC_SystickUpdate
 .text.R_ADC_VersionGet
                0x00003968       0x14 ./synergy/ssp/src/driver/r_adc/r_adc.o
                0x00003968                R_ADC_VersionGet
 .text.R_ADC_ScanStart
                0x0000397c       0x48 ./synergy/ssp/src/driver/r_adc/r_adc.o
                0x0000397c                R_ADC_ScanStart
 .text.R_ADC_ScanStop
                0x000039c4       0x34 ./synergy/ssp/src/driver/r_adc/r_adc.o
                0x000039c4                R_ADC_ScanStop
 .text.R_ADC_CheckScanDone
                0x000039f8       0x28 ./synergy/ssp/src/driver/r_adc/r_adc.o
                0x000039f8                R_ADC_CheckScanDone
 .text.R_ADC_Read
                0x00003a20       0x60 ./synergy/ssp/src/driver/r_adc/r_adc.o
                0x00003a20                R_ADC_Read
 .text.R_ADC_SetSampleStateCount
                0x00003a80       0x60 ./synergy/ssp/src/driver/r_adc/r_adc.o
                0x00003a80                R_ADC_SetSampleStateCount
 .text.R_ADC_InfoGet
                0x00003ae0       0xf4 ./synergy/ssp/src/driver/r_adc/r_adc.o
                0x00003ae0                R_ADC_InfoGet
 .text.r_adc_close_sub
                0x00003bd4       0x68 ./synergy/ssp/src/driver/r_adc/r_adc.o
 .text.R_ADC_Close
                0x00003c3c      0x104 ./synergy/ssp/src/driver/r_adc/r_adc.o
                0x00003c3c                R_ADC_Close
 .text.R_ADC_ScanConfigure
                0x00003d40      0x410 ./synergy/ssp/src/driver/r_adc/r_adc.o
                0x00003d40                R_ADC_ScanConfigure
 .text.R_ADC_Open
                0x00004150      0x3d4 ./synergy/ssp/src/driver/r_adc/r_adc.o
                0x00004150                R_ADC_Open
 .text.adc_scan_end_isr
                0x00004524       0x44 ./synergy/ssp/src/driver/r_adc/r_adc.o
                0x00004524                adc_scan_end_isr
 .text.R_BSP_CacheOff
                0x00004568       0x28 ./synergy/ssp/src/bsp/mcu/s7g2/bsp_cache.o
                0x00004568                R_BSP_CacheOff
 .text.R_BSP_CacheSet
                0x00004590       0x48 ./synergy/ssp/src/bsp/mcu/s7g2/bsp_cache.o
                0x00004590                R_BSP_CacheSet
 .text.bsp_clock_init
                0x000045d8       0x90 ./synergy/ssp/src/bsp/mcu/s7g2/bsp_clocks.o
                0x000045d8                bsp_clock_init
 .text.bsp_cpu_clock_get
                0x00004668       0x20 ./synergy/ssp/src/bsp/mcu/s7g2/bsp_clocks.o
                0x00004668                bsp_cpu_clock_get
 .text.bsp_clock_set_callback
                0x00004688      0x124 ./synergy/ssp/src/bsp/mcu/s7g2/bsp_clocks.o
                0x00004688                bsp_clock_set_callback
 .text.R_BSP_FeatureAdcGet
                0x000047ac       0x20 ./synergy/ssp/src/bsp/mcu/s7g2/bsp_feature.o
                0x000047ac                R_BSP_FeatureAdcGet
 .text.R_BSP_FeatureDacGet
                0x000047cc        0xc ./synergy/ssp/src/bsp/mcu/s7g2/bsp_feature.o
                0x000047cc                R_BSP_FeatureDacGet
 .text.R_BSP_FeatureIoportGet
                0x000047d8        0xc ./synergy/ssp/src/bsp/mcu/s7g2/bsp_feature.o
                0x000047d8                R_BSP_FeatureIoportGet
 .text.R_BSP_FeatureCgcGet
                0x000047e4        0xc ./synergy/ssp/src/bsp/mcu/s7g2/bsp_feature.o
                0x000047e4                R_BSP_FeatureCgcGet
 .text.bsp_group_interrupt_open
                0x000047f0       0x18 ./synergy/ssp/src/bsp/mcu/s7g2/bsp_group_irq.o
                0x000047f0                bsp_group_interrupt_open
 .text.R_BSP_GroupIrqWrite
                0x00004808       0x10 ./synergy/ssp/src/bsp/mcu/s7g2/bsp_group_irq.o
                0x00004808                R_BSP_GroupIrqWrite
 .text.NMI_Handler
                0x00004818      0x1f4 ./synergy/ssp/src/bsp/mcu/s7g2/bsp_group_irq.o
                0x00004818                NMI_Handler
 .text.r_bsp_module_start_stop
                0x00004a0c       0xb4 ./synergy/ssp/src/bsp/mcu/s7g2/bsp_module_stop.o
 .text.R_BSP_ModuleStop
                0x00004ac0        0x8 ./synergy/ssp/src/bsp/mcu/s7g2/bsp_module_stop.o
                0x00004ac0                R_BSP_ModuleStop
 .text.R_BSP_ModuleStart
                0x00004ac8        0x8 ./synergy/ssp/src/bsp/mcu/s7g2/bsp_module_stop.o
                0x00004ac8                R_BSP_ModuleStart
 .text.software_delay_loop
                0x00004ad0        0xc ./synergy/ssp/src/bsp/mcu/all/bsp_delay.o
 .text.R_BSP_SoftwareDelay
                0x00004adc       0x58 ./synergy/ssp/src/bsp/mcu/all/bsp_delay.o
                0x00004adc                R_BSP_SoftwareDelay
 .text.R_BSP_IrqStatusClear
                0x00004b34       0x18 ./synergy/ssp/src/bsp/mcu/all/bsp_irq.o
                0x00004b34                R_BSP_IrqStatusClear
 .text.bsp_irq_cfg
                0x00004b4c       0x40 ./synergy/ssp/src/bsp/mcu/all/bsp_irq.o
                0x00004b4c                bsp_irq_cfg
 .text.R_BSP_SoftwareLock
                0x00004b8c       0x20 ./synergy/ssp/src/bsp/mcu/all/bsp_locking.o
                0x00004b8c                R_BSP_SoftwareLock
 .text.R_BSP_SoftwareUnlock
                0x00004bac        0x8 ./synergy/ssp/src/bsp/mcu/all/bsp_locking.o
                0x00004bac                R_BSP_SoftwareUnlock
 .text.R_BSP_HardwareLock
                0x00004bb4       0x68 ./synergy/ssp/src/bsp/mcu/all/bsp_locking.o
                0x00004bb4                R_BSP_HardwareLock
 .text.R_BSP_HardwareUnlock
                0x00004c1c       0x4c ./synergy/ssp/src/bsp/mcu/all/bsp_locking.o
                0x00004c1c                R_BSP_HardwareUnlock
 .text.bsp_init_hardware_locks
                0x00004c68       0x44 ./synergy/ssp/src/bsp/mcu/all/bsp_locking.o
                0x00004c68                bsp_init_hardware_locks
 .text.R_BSP_RegisterProtectEnable
                0x00004cac       0x60 ./synergy/ssp/src/bsp/mcu/all/bsp_register_protection.o
                0x00004cac                R_BSP_RegisterProtectEnable
 .text.R_BSP_RegisterProtectDisable
                0x00004d0c       0x50 ./synergy/ssp/src/bsp/mcu/all/bsp_register_protection.o
                0x00004d0c                R_BSP_RegisterProtectDisable
 .text.bsp_register_protect_open
                0x00004d5c       0x10 ./synergy/ssp/src/bsp/mcu/all/bsp_register_protection.o
                0x00004d5c                bsp_register_protect_open
 .text.Default_Handler
                0x00004d6c        0x4 ./synergy/ssp/src/bsp/cmsis/Device/RENESAS/S7G2/Source/startup_S7G2.o
                0x00004d6c                DebugMon_Handler
                0x00004d6c                HardFault_Handler
                0x00004d6c                SysTick_Handler
                0x00004d6c                PendSV_Handler
                0x00004d6c                UsageFault_Handler
                0x00004d6c                Default_Handler
                0x00004d6c                MemManage_Handler
                0x00004d6c                SVC_Handler
                0x00004d6c                BusFault_Handler
 .text.Reset_Handler
                0x00004d70        0xc ./synergy/ssp/src/bsp/cmsis/Device/RENESAS/S7G2/Source/startup_S7G2.o
                0x00004d70                Reset_Handler
 .text.R_BSP_WarmStart
                0x00004d7c        0x4 ./synergy/ssp/src/bsp/cmsis/Device/RENESAS/S7G2/Source/system_S7G2.o
                0x00004d7c                R_BSP_WarmStart
 .text.SystemInit
                0x00004d80       0xe0 ./synergy/ssp/src/bsp/cmsis/Device/RENESAS/S7G2/Source/system_S7G2.o
                0x00004d80                SystemInit
 .text.bsp_init
                0x00004e60        0x4 ./synergy/board/s7g2_sk/bsp_init.o
                0x00004e60                bsp_init
 .text.bsp_qspi_xip_mode
                0x00004e64       0x88 ./synergy/board/s7g2_sk/bsp_qspi.o
 .text.bsp_qspi_init
                0x00004eec      0x148 ./synergy/board/s7g2_sk/bsp_qspi.o
                0x00004eec                bsp_qspi_init
 .text.startup.main
                0x00005034        0xc ./src/synergy_gen/main.o
                0x00005034                main
 .text.hal_application_code
                0x00005040      0x178 ./src/hal_application_code.o
                0x00005040                hal_application_code
 .text.cb_gpt0  0x000051b8        0xc ./src/hal_application_code.o
                0x000051b8                cb_gpt0
 .text.hal_entry
                0x000051c4        0x4 ./src/hal_entry.o
                0x000051c4                hal_entry
 .text.R_SCE_TRNG_Close
                0x000051c8        0x8 D:\workdir\forth\renesas_rtos_training\workdir\lab01\LAB_HAL_1\synergy\ssp\src\driver\r_sce\libs\libcrypto_cm4_s7g2_gcc.a(r_sce_trng.o)
                0x000051c8                R_SCE_TRNG_Close
 .text.R_SCE_TRNG_VersionGet
                0x000051d0       0x14 D:\workdir\forth\renesas_rtos_training\workdir\lab01\LAB_HAL_1\synergy\ssp\src\driver\r_sce\libs\libcrypto_cm4_s7g2_gcc.a(r_sce_trng.o)
                0x000051d0                R_SCE_TRNG_VersionGet
 .text.R_SCE_TRNG_Open
                0x000051e4       0x2c D:\workdir\forth\renesas_rtos_training\workdir\lab01\LAB_HAL_1\synergy\ssp\src\driver\r_sce\libs\libcrypto_cm4_s7g2_gcc.a(r_sce_trng.o)
                0x000051e4                R_SCE_TRNG_Open
 .text.s_generate_16byte_random_data
                0x00005210       0x68 D:\workdir\forth\renesas_rtos_training\workdir\lab01\LAB_HAL_1\synergy\ssp\src\driver\r_sce\libs\libcrypto_cm4_s7g2_gcc.a(r_sce_trng.o)
 .text.R_SCE_TRNG_Read
                0x00005278       0x60 D:\workdir\forth\renesas_rtos_training\workdir\lab01\LAB_HAL_1\synergy\ssp\src\driver\r_sce\libs\libcrypto_cm4_s7g2_gcc.a(r_sce_trng.o)
                0x00005278                R_SCE_TRNG_Read
 .text.HW_SCE_RNG_Read
                0x000052d8       0xc4 D:\workdir\forth\renesas_rtos_training\workdir\lab01\LAB_HAL_1\synergy\ssp\src\driver\r_sce\libs\libcrypto_cm4_s7g2_gcc.a(SC32_p03.prc.o)
                0x000052d8                HW_SCE_RNG_Read
 .text.R_SCE_StatusGet
                0x0000539c       0x10 D:\workdir\forth\renesas_rtos_training\workdir\lab01\LAB_HAL_1\synergy\ssp\src\driver\r_sce\libs\libcrypto_cm4_s7g2_gcc.a(r_sce.o)
                0x0000539c                R_SCE_StatusGet
 .text.R_SCE_VersionGet
                0x000053ac       0x14 D:\workdir\forth\renesas_rtos_training\workdir\lab01\LAB_HAL_1\synergy\ssp\src\driver\r_sce\libs\libcrypto_cm4_s7g2_gcc.a(r_sce.o)
                0x000053ac                R_SCE_VersionGet
 .text.R_SCE_Close
                0x000053c0       0x18 D:\workdir\forth\renesas_rtos_training\workdir\lab01\LAB_HAL_1\synergy\ssp\src\driver\r_sce\libs\libcrypto_cm4_s7g2_gcc.a(r_sce.o)
                0x000053c0                R_SCE_Close
 .text.R_SCE_Open
                0x000053d8       0x70 D:\workdir\forth\renesas_rtos_training\workdir\lab01\LAB_HAL_1\synergy\ssp\src\driver\r_sce\libs\libcrypto_cm4_s7g2_gcc.a(r_sce.o)
                0x000053d8                R_SCE_Open
 .text.HW_SCE_SoftReset
                0x00005448       0x18 D:\workdir\forth\renesas_rtos_training\workdir\lab01\LAB_HAL_1\synergy\ssp\src\driver\r_sce\libs\libcrypto_cm4_s7g2_gcc.a(SC32_SoftReset.prc.o)
                0x00005448                HW_SCE_SoftReset
 .text.HW_SCE_EndianSetBig
                0x00005460       0x10 D:\workdir\forth\renesas_rtos_training\workdir\lab01\LAB_HAL_1\synergy\ssp\src\driver\r_sce\libs\libcrypto_cm4_s7g2_gcc.a(SC32_endian.o)
                0x00005460                HW_SCE_EndianSetBig
 .text.HW_SCE_EndianSetLittle
                0x00005470       0x10 D:\workdir\forth\renesas_rtos_training\workdir\lab01\LAB_HAL_1\synergy\ssp\src\driver\r_sce\libs\libcrypto_cm4_s7g2_gcc.a(SC32_endian.o)
                0x00005470                HW_SCE_EndianSetLittle
 .text.HW_SCE_EndianFlagGet
                0x00005480       0x14 D:\workdir\forth\renesas_rtos_training\workdir\lab01\LAB_HAL_1\synergy\ssp\src\driver\r_sce\libs\libcrypto_cm4_s7g2_gcc.a(SC32_endian.o)
                0x00005480                HW_SCE_EndianFlagGet
 .text.SC32_function001
                0x00005494       0x3c D:\workdir\forth\renesas_rtos_training\workdir\lab01\LAB_HAL_1\synergy\ssp\src\driver\r_sce\libs\libcrypto_cm4_s7g2_gcc.a(SC32_function001.prc.o)
                0x00005494                SC32_function001
 .text.SC32_function003
                0x000054d0       0x30 D:\workdir\forth\renesas_rtos_training\workdir\lab01\LAB_HAL_1\synergy\ssp\src\driver\r_sce\libs\libcrypto_cm4_s7g2_gcc.a(SC32_function003.prc.o)
                0x000054d0                SC32_function003
 .text.HW_SCE_Initialization1
                0x00005500      0x160 D:\workdir\forth\renesas_rtos_training\workdir\lab01\LAB_HAL_1\synergy\ssp\src\driver\r_sce\libs\libcrypto_cm4_s7g2_gcc.a(SC32_p01.prc.o)
                0x00005500                HW_SCE_Initialization1
 .text.HW_SCE_Initialization2
                0x00005660      0x354 D:\workdir\forth\renesas_rtos_training\workdir\lab01\LAB_HAL_1\synergy\ssp\src\driver\r_sce\libs\libcrypto_cm4_s7g2_gcc.a(SC32_p02.prc.o)
                0x00005660                HW_SCE_Initialization2
 .text.HW_SCE_secureBoot
                0x000059b4       0x5c D:\workdir\forth\renesas_rtos_training\workdir\lab01\LAB_HAL_1\synergy\ssp\src\driver\r_sce\libs\libcrypto_cm4_s7g2_gcc.a(SC32_p99.prc.o)
                0x000059b4                HW_SCE_secureBoot
 .text.HW_SCE_Initialization1_Subproc1
                0x00005a10      0x558 D:\workdir\forth\renesas_rtos_training\workdir\lab01\LAB_HAL_1\synergy\ssp\src\driver\r_sce\libs\libcrypto_cm4_s7g2_gcc.a(SC32_subprc01.prc.o)
                0x00005a10                HW_SCE_Initialization1_Subproc1
 .text.HW_SCE_Initialization2_Subproc2
                0x00005f68      0x540 D:\workdir\forth\renesas_rtos_training\workdir\lab01\LAB_HAL_1\synergy\ssp\src\driver\r_sce\libs\libcrypto_cm4_s7g2_gcc.a(SC32_subprc02.prc.o)
                0x00005f68                HW_SCE_Initialization2_Subproc2
 .text.R_SCE_InterfaceGet
                0x000064a8        0xc D:\workdir\forth\renesas_rtos_training\workdir\lab01\LAB_HAL_1\synergy\ssp\src\driver\r_sce\libs\libcrypto_cm4_s7g2_gcc.a(r_sce_interface.o)
                0x000064a8                R_SCE_InterfaceGet
 .text.crypto_interface_get_mcu_specific
                0x000064b4      0x280 D:\workdir\forth\renesas_rtos_training\workdir\lab01\LAB_HAL_1\synergy\ssp\src\driver\r_sce\libs\libcrypto_cm4_s7g2_gcc.a(r_sce_s7_interface.o)
                0x000064b4                crypto_interface_get_mcu_specific
 .text.R_SCE_AES_128CbcEncrypt
                0x00006734       0x28 D:\workdir\forth\renesas_rtos_training\workdir\lab01\LAB_HAL_1\synergy\ssp\src\driver\r_sce\libs\libcrypto_cm4_s7g2_gcc.a(r_sce_aes128_cbc.o)
                0x00006734                R_SCE_AES_128CbcEncrypt
 .text.R_SCE_AES_128CbcDecrypt
                0x0000675c       0x28 D:\workdir\forth\renesas_rtos_training\workdir\lab01\LAB_HAL_1\synergy\ssp\src\driver\r_sce\libs\libcrypto_cm4_s7g2_gcc.a(r_sce_aes128_cbc.o)
                0x0000675c                R_SCE_AES_128CbcDecrypt
 .text.R_SCE_AES_128CtrEncrypt
                0x00006784       0x28 D:\workdir\forth\renesas_rtos_training\workdir\lab01\LAB_HAL_1\synergy\ssp\src\driver\r_sce\libs\libcrypto_cm4_s7g2_gcc.a(r_sce_aes128_ctr.o)
                0x00006784                R_SCE_AES_128CtrEncrypt
 .text.R_SCE_AES_128EcbEncrypt
                0x000067ac       0x24 D:\workdir\forth\renesas_rtos_training\workdir\lab01\LAB_HAL_1\synergy\ssp\src\driver\r_sce\libs\libcrypto_cm4_s7g2_gcc.a(r_sce_aes128_ecb.o)
                0x000067ac                R_SCE_AES_128EcbEncrypt
 .text.R_SCE_AES_128EcbDecrypt
                0x000067d0       0x24 D:\workdir\forth\renesas_rtos_training\workdir\lab01\LAB_HAL_1\synergy\ssp\src\driver\r_sce\libs\libcrypto_cm4_s7g2_gcc.a(r_sce_aes128_ecb.o)
                0x000067d0                R_SCE_AES_128EcbDecrypt
 .text.R_SCE_AES_128GcmGetGcmTag
                0x000067f4       0x24 D:\workdir\forth\renesas_rtos_training\workdir\lab01\LAB_HAL_1\synergy\ssp\src\driver\r_sce\libs\libcrypto_cm4_s7g2_gcc.a(r_sce_aes128_gcm.o)
                0x000067f4                R_SCE_AES_128GcmGetGcmTag
 .text.R_SCE_AES_128GcmSetGcmTag
                0x00006818       0x20 D:\workdir\forth\renesas_rtos_training\workdir\lab01\LAB_HAL_1\synergy\ssp\src\driver\r_sce\libs\libcrypto_cm4_s7g2_gcc.a(r_sce_aes128_gcm.o)
                0x00006818                R_SCE_AES_128GcmSetGcmTag
 .text.R_SCE_AES_128GcmOpen
                0x00006838       0x28 D:\workdir\forth\renesas_rtos_training\workdir\lab01\LAB_HAL_1\synergy\ssp\src\driver\r_sce\libs\libcrypto_cm4_s7g2_gcc.a(r_sce_aes128_gcm.o)
                0x00006838                R_SCE_AES_128GcmOpen
 .text.R_SCE_AES_128GcmInitialize
                0x00006860       0x44 D:\workdir\forth\renesas_rtos_training\workdir\lab01\LAB_HAL_1\synergy\ssp\src\driver\r_sce\libs\libcrypto_cm4_s7g2_gcc.a(r_sce_aes128_gcm.o)
 .text.R_SCE_AES_128GcmTagCompute.part.2
                0x000068a4       0xa0 D:\workdir\forth\renesas_rtos_training\workdir\lab01\LAB_HAL_1\synergy\ssp\src\driver\r_sce\libs\libcrypto_cm4_s7g2_gcc.a(r_sce_aes128_gcm.o)
 .text.R_SCE_AES_128GcmZeroPaddingEncrypt
                0x00006944      0x134 D:\workdir\forth\renesas_rtos_training\workdir\lab01\LAB_HAL_1\synergy\ssp\src\driver\r_sce\libs\libcrypto_cm4_s7g2_gcc.a(r_sce_aes128_gcm.o)
                0x00006944                R_SCE_AES_128GcmZeroPaddingEncrypt
 .text.R_SCE_AES_128GcmEncrypt
                0x00006a78        0xc D:\workdir\forth\renesas_rtos_training\workdir\lab01\LAB_HAL_1\synergy\ssp\src\driver\r_sce\libs\libcrypto_cm4_s7g2_gcc.a(r_sce_aes128_gcm.o)
                0x00006a78                R_SCE_AES_128GcmEncrypt
 .text.R_SCE_AES_128GcmZeroPaddingDecrypt
                0x00006a84      0x15c D:\workdir\forth\renesas_rtos_training\workdir\lab01\LAB_HAL_1\synergy\ssp\src\driver\r_sce\libs\libcrypto_cm4_s7g2_gcc.a(r_sce_aes128_gcm.o)
                0x00006a84                R_SCE_AES_128GcmZeroPaddingDecrypt
 .text.R_SCE_AES_128GcmDecrypt
                0x00006be0        0xc D:\workdir\forth\renesas_rtos_training\workdir\lab01\LAB_HAL_1\synergy\ssp\src\driver\r_sce\libs\libcrypto_cm4_s7g2_gcc.a(r_sce_aes128_gcm.o)
                0x00006be0                R_SCE_AES_128GcmDecrypt
 .text.R_SCE_AES_128XtsEncrypt
                0x00006bec       0x44 D:\workdir\forth\renesas_rtos_training\workdir\lab01\LAB_HAL_1\synergy\ssp\src\driver\r_sce\libs\libcrypto_cm4_s7g2_gcc.a(r_sce_aes128_xts.o)
                0x00006bec                R_SCE_AES_128XtsEncrypt
 .text.R_SCE_AES_128XtsDecrypt
                0x00006c30       0x44 D:\workdir\forth\renesas_rtos_training\workdir\lab01\LAB_HAL_1\synergy\ssp\src\driver\r_sce\libs\libcrypto_cm4_s7g2_gcc.a(r_sce_aes128_xts.o)
                0x00006c30                R_SCE_AES_128XtsDecrypt
 .text.R_SCE_AES_192CbcEncrypt
                0x00006c74       0x28 D:\workdir\forth\renesas_rtos_training\workdir\lab01\LAB_HAL_1\synergy\ssp\src\driver\r_sce\libs\libcrypto_cm4_s7g2_gcc.a(r_sce_aes192_cbc.o)
                0x00006c74                R_SCE_AES_192CbcEncrypt
 .text.R_SCE_AES_192CbcDecrypt
                0x00006c9c       0x28 D:\workdir\forth\renesas_rtos_training\workdir\lab01\LAB_HAL_1\synergy\ssp\src\driver\r_sce\libs\libcrypto_cm4_s7g2_gcc.a(r_sce_aes192_cbc.o)
                0x00006c9c                R_SCE_AES_192CbcDecrypt
 .text.R_SCE_AES_192CtrEncrypt
                0x00006cc4       0x28 D:\workdir\forth\renesas_rtos_training\workdir\lab01\LAB_HAL_1\synergy\ssp\src\driver\r_sce\libs\libcrypto_cm4_s7g2_gcc.a(r_sce_aes192_ctr.o)
                0x00006cc4                R_SCE_AES_192CtrEncrypt
 .text.R_SCE_AES_192EcbEncrypt
                0x00006cec       0x24 D:\workdir\forth\renesas_rtos_training\workdir\lab01\LAB_HAL_1\synergy\ssp\src\driver\r_sce\libs\libcrypto_cm4_s7g2_gcc.a(r_sce_aes192_ecb.o)
                0x00006cec                R_SCE_AES_192EcbEncrypt
 .text.R_SCE_AES_192EcbDecrypt
                0x00006d10       0x24 D:\workdir\forth\renesas_rtos_training\workdir\lab01\LAB_HAL_1\synergy\ssp\src\driver\r_sce\libs\libcrypto_cm4_s7g2_gcc.a(r_sce_aes192_ecb.o)
                0x00006d10                R_SCE_AES_192EcbDecrypt
 .text.R_SCE_AES_192GcmGetGcmTag
                0x00006d34       0x24 D:\workdir\forth\renesas_rtos_training\workdir\lab01\LAB_HAL_1\synergy\ssp\src\driver\r_sce\libs\libcrypto_cm4_s7g2_gcc.a(r_sce_aes192_gcm.o)
                0x00006d34                R_SCE_AES_192GcmGetGcmTag
 .text.R_SCE_AES_192GcmSetGcmTag
                0x00006d58       0x20 D:\workdir\forth\renesas_rtos_training\workdir\lab01\LAB_HAL_1\synergy\ssp\src\driver\r_sce\libs\libcrypto_cm4_s7g2_gcc.a(r_sce_aes192_gcm.o)
                0x00006d58                R_SCE_AES_192GcmSetGcmTag
 .text.R_SCE_AES_192GcmOpen
                0x00006d78       0x28 D:\workdir\forth\renesas_rtos_training\workdir\lab01\LAB_HAL_1\synergy\ssp\src\driver\r_sce\libs\libcrypto_cm4_s7g2_gcc.a(r_sce_aes192_gcm.o)
                0x00006d78                R_SCE_AES_192GcmOpen
 .text.R_SCE_AES_192GcmInitialize
                0x00006da0       0x44 D:\workdir\forth\renesas_rtos_training\workdir\lab01\LAB_HAL_1\synergy\ssp\src\driver\r_sce\libs\libcrypto_cm4_s7g2_gcc.a(r_sce_aes192_gcm.o)
 .text.R_SCE_AES_192GcmTagCompute.part.2
                0x00006de4       0xa0 D:\workdir\forth\renesas_rtos_training\workdir\lab01\LAB_HAL_1\synergy\ssp\src\driver\r_sce\libs\libcrypto_cm4_s7g2_gcc.a(r_sce_aes192_gcm.o)
 .text.R_SCE_AES_192GcmZeroPaddingEncrypt
                0x00006e84      0x134 D:\workdir\forth\renesas_rtos_training\workdir\lab01\LAB_HAL_1\synergy\ssp\src\driver\r_sce\libs\libcrypto_cm4_s7g2_gcc.a(r_sce_aes192_gcm.o)
                0x00006e84                R_SCE_AES_192GcmZeroPaddingEncrypt
 .text.R_SCE_AES_192GcmEncrypt
                0x00006fb8        0xc D:\workdir\forth\renesas_rtos_training\workdir\lab01\LAB_HAL_1\synergy\ssp\src\driver\r_sce\libs\libcrypto_cm4_s7g2_gcc.a(r_sce_aes192_gcm.o)
                0x00006fb8                R_SCE_AES_192GcmEncrypt
 .text.R_SCE_AES_192GcmZeroPaddingDecrypt
                0x00006fc4      0x15c D:\workdir\forth\renesas_rtos_training\workdir\lab01\LAB_HAL_1\synergy\ssp\src\driver\r_sce\libs\libcrypto_cm4_s7g2_gcc.a(r_sce_aes192_gcm.o)
                0x00006fc4                R_SCE_AES_192GcmZeroPaddingDecrypt
 .text.R_SCE_AES_192GcmDecrypt
                0x00007120        0xc D:\workdir\forth\renesas_rtos_training\workdir\lab01\LAB_HAL_1\synergy\ssp\src\driver\r_sce\libs\libcrypto_cm4_s7g2_gcc.a(r_sce_aes192_gcm.o)
                0x00007120                R_SCE_AES_192GcmDecrypt
 .text.R_SCE_AES_256CbcEncrypt
                0x0000712c       0x28 D:\workdir\forth\renesas_rtos_training\workdir\lab01\LAB_HAL_1\synergy\ssp\src\driver\r_sce\libs\libcrypto_cm4_s7g2_gcc.a(r_sce_aes256_cbc.o)
                0x0000712c                R_SCE_AES_256CbcEncrypt
 .text.R_SCE_AES_256CbcDecrypt
                0x00007154       0x28 D:\workdir\forth\renesas_rtos_training\workdir\lab01\LAB_HAL_1\synergy\ssp\src\driver\r_sce\libs\libcrypto_cm4_s7g2_gcc.a(r_sce_aes256_cbc.o)
                0x00007154                R_SCE_AES_256CbcDecrypt
 .text.R_SCE_AES_256CtrEncrypt
                0x0000717c       0x28 D:\workdir\forth\renesas_rtos_training\workdir\lab01\LAB_HAL_1\synergy\ssp\src\driver\r_sce\libs\libcrypto_cm4_s7g2_gcc.a(r_sce_aes256_ctr.o)
                0x0000717c                R_SCE_AES_256CtrEncrypt
 .text.R_SCE_AES_256EcbEncrypt
                0x000071a4       0x24 D:\workdir\forth\renesas_rtos_training\workdir\lab01\LAB_HAL_1\synergy\ssp\src\driver\r_sce\libs\libcrypto_cm4_s7g2_gcc.a(r_sce_aes256_ecb.o)
                0x000071a4                R_SCE_AES_256EcbEncrypt
 .text.R_SCE_AES_256EcbDecrypt
                0x000071c8       0x24 D:\workdir\forth\renesas_rtos_training\workdir\lab01\LAB_HAL_1\synergy\ssp\src\driver\r_sce\libs\libcrypto_cm4_s7g2_gcc.a(r_sce_aes256_ecb.o)
                0x000071c8                R_SCE_AES_256EcbDecrypt
 .text.R_SCE_AES_256GcmGetGcmTag
                0x000071ec       0x24 D:\workdir\forth\renesas_rtos_training\workdir\lab01\LAB_HAL_1\synergy\ssp\src\driver\r_sce\libs\libcrypto_cm4_s7g2_gcc.a(r_sce_aes256_gcm.o)
                0x000071ec                R_SCE_AES_256GcmGetGcmTag
 .text.R_SCE_AES_256GcmSetGcmTag
                0x00007210       0x20 D:\workdir\forth\renesas_rtos_training\workdir\lab01\LAB_HAL_1\synergy\ssp\src\driver\r_sce\libs\libcrypto_cm4_s7g2_gcc.a(r_sce_aes256_gcm.o)
                0x00007210                R_SCE_AES_256GcmSetGcmTag
 .text.R_SCE_AES_256GcmOpen
                0x00007230       0x28 D:\workdir\forth\renesas_rtos_training\workdir\lab01\LAB_HAL_1\synergy\ssp\src\driver\r_sce\libs\libcrypto_cm4_s7g2_gcc.a(r_sce_aes256_gcm.o)
                0x00007230                R_SCE_AES_256GcmOpen
 .text.R_SCE_AES_256GcmInitialize
                0x00007258       0x44 D:\workdir\forth\renesas_rtos_training\workdir\lab01\LAB_HAL_1\synergy\ssp\src\driver\r_sce\libs\libcrypto_cm4_s7g2_gcc.a(r_sce_aes256_gcm.o)
 .text.R_SCE_AES_256GcmTagCompute.part.2
                0x0000729c       0xa0 D:\workdir\forth\renesas_rtos_training\workdir\lab01\LAB_HAL_1\synergy\ssp\src\driver\r_sce\libs\libcrypto_cm4_s7g2_gcc.a(r_sce_aes256_gcm.o)
 .text.R_SCE_AES_256GcmZeroPaddingEncrypt
                0x0000733c      0x134 D:\workdir\forth\renesas_rtos_training\workdir\lab01\LAB_HAL_1\synergy\ssp\src\driver\r_sce\libs\libcrypto_cm4_s7g2_gcc.a(r_sce_aes256_gcm.o)
                0x0000733c                R_SCE_AES_256GcmZeroPaddingEncrypt
 .text.R_SCE_AES_256GcmEncrypt
                0x00007470        0xc D:\workdir\forth\renesas_rtos_training\workdir\lab01\LAB_HAL_1\synergy\ssp\src\driver\r_sce\libs\libcrypto_cm4_s7g2_gcc.a(r_sce_aes256_gcm.o)
                0x00007470                R_SCE_AES_256GcmEncrypt
 .text.R_SCE_AES_256GcmZeroPaddingDecrypt
                0x0000747c      0x15c D:\workdir\forth\renesas_rtos_training\workdir\lab01\LAB_HAL_1\synergy\ssp\src\driver\r_sce\libs\libcrypto_cm4_s7g2_gcc.a(r_sce_aes256_gcm.o)
                0x0000747c                R_SCE_AES_256GcmZeroPaddingDecrypt
 .text.R_SCE_AES_256GcmDecrypt
                0x000075d8        0xc D:\workdir\forth\renesas_rtos_training\workdir\lab01\LAB_HAL_1\synergy\ssp\src\driver\r_sce\libs\libcrypto_cm4_s7g2_gcc.a(r_sce_aes256_gcm.o)
                0x000075d8                R_SCE_AES_256GcmDecrypt
 .text.R_SCE_AES_256XtsEncrypt
                0x000075e4       0x44 D:\workdir\forth\renesas_rtos_training\workdir\lab01\LAB_HAL_1\synergy\ssp\src\driver\r_sce\libs\libcrypto_cm4_s7g2_gcc.a(r_sce_aes256_xts.o)
                0x000075e4                R_SCE_AES_256XtsEncrypt
 .text.R_SCE_AES_256XtsDecrypt
                0x00007628       0x44 D:\workdir\forth\renesas_rtos_training\workdir\lab01\LAB_HAL_1\synergy\ssp\src\driver\r_sce\libs\libcrypto_cm4_s7g2_gcc.a(r_sce_aes256_xts.o)
                0x00007628                R_SCE_AES_256XtsDecrypt
 .text.R_SCE_AES_ParamChecking
                0x0000766c       0x10 D:\workdir\forth\renesas_rtos_training\workdir\lab01\LAB_HAL_1\synergy\ssp\src\driver\r_sce\libs\libcrypto_cm4_s7g2_gcc.a(r_sce_aes_common.o)
                0x0000766c                R_SCE_AES_ParamChecking
 .text.R_SCE_AES_EImpl_CreateKey
                0x0000767c       0x18 D:\workdir\forth\renesas_rtos_training\workdir\lab01\LAB_HAL_1\synergy\ssp\src\driver\r_sce\libs\libcrypto_cm4_s7g2_gcc.a(r_sce_aes_eimpl.o)
                0x0000767c                R_SCE_AES_EImpl_CreateKey
 .text.R_SCE_AES_EImpl_EncryptFinal
                0x00007694       0x24 D:\workdir\forth\renesas_rtos_training\workdir\lab01\LAB_HAL_1\synergy\ssp\src\driver\r_sce\libs\libcrypto_cm4_s7g2_gcc.a(r_sce_aes_eimpl.o)
                0x00007694                R_SCE_AES_EImpl_EncryptFinal
 .text.R_SCE_AES_EImpl_ZeroPaddingEncrypt
                0x000076b8       0x20 D:\workdir\forth\renesas_rtos_training\workdir\lab01\LAB_HAL_1\synergy\ssp\src\driver\r_sce\libs\libcrypto_cm4_s7g2_gcc.a(r_sce_aes_eimpl.o)
                0x000076b8                R_SCE_AES_EImpl_ZeroPaddingEncrypt
 .text.R_SCE_AES_EImpl_ZeroPaddingDecrypt
                0x000076d8       0x20 D:\workdir\forth\renesas_rtos_training\workdir\lab01\LAB_HAL_1\synergy\ssp\src\driver\r_sce\libs\libcrypto_cm4_s7g2_gcc.a(r_sce_aes_eimpl.o)
                0x000076d8                R_SCE_AES_EImpl_ZeroPaddingDecrypt
 .text.R_SCE_AES_EImpl_SetGcmTag
                0x000076f8       0x18 D:\workdir\forth\renesas_rtos_training\workdir\lab01\LAB_HAL_1\synergy\ssp\src\driver\r_sce\libs\libcrypto_cm4_s7g2_gcc.a(r_sce_aes_eimpl.o)
                0x000076f8                R_SCE_AES_EImpl_SetGcmTag
 .text.R_SCE_AES_EImpl_GetGcmTag
                0x00007710       0x18 D:\workdir\forth\renesas_rtos_training\workdir\lab01\LAB_HAL_1\synergy\ssp\src\driver\r_sce\libs\libcrypto_cm4_s7g2_gcc.a(r_sce_aes_eimpl.o)
                0x00007710                R_SCE_AES_EImpl_GetGcmTag
 .text.R_SCE_AES_EImpl_AddAdditionalAuthenticationData
                0x00007728       0x1c D:\workdir\forth\renesas_rtos_training\workdir\lab01\LAB_HAL_1\synergy\ssp\src\driver\r_sce\libs\libcrypto_cm4_s7g2_gcc.a(r_sce_aes_eimpl.o)
                0x00007728                R_SCE_AES_EImpl_AddAdditionalAuthenticationData
 .text.R_SCE_AES_GcmAuthenticationDataAdd
                0x00007744       0x84 D:\workdir\forth\renesas_rtos_training\workdir\lab01\LAB_HAL_1\synergy\ssp\src\driver\r_sce\libs\libcrypto_cm4_s7g2_gcc.a(r_sce_aes_gcm_aad.o)
                0x00007744                R_SCE_AES_GcmAuthenticationDataAdd
 .text.r_sce_endian_convert
                0x000077c8        0x4 D:\workdir\forth\renesas_rtos_training\workdir\lab01\LAB_HAL_1\synergy\ssp\src\driver\r_sce\libs\libcrypto_cm4_s7g2_gcc.a(r_sce_aes_gcm_aad.o)
                0x000077c8                r_sce_endian_convert
 .text.r_sce_aes_gcm_incr32
                0x000077cc       0x18 D:\workdir\forth\renesas_rtos_training\workdir\lab01\LAB_HAL_1\synergy\ssp\src\driver\r_sce\libs\libcrypto_cm4_s7g2_gcc.a(r_sce_aes_gcm_aad.o)
                0x000077cc                r_sce_aes_gcm_incr32
 .text.R_SCE_HRK_AES_128CbcEncrypt
                0x000077e4       0x28 D:\workdir\forth\renesas_rtos_training\workdir\lab01\LAB_HAL_1\synergy\ssp\src\driver\r_sce\libs\libcrypto_cm4_s7g2_gcc.a(r_sce_hrk_aes128_cbc.o)
                0x000077e4                R_SCE_HRK_AES_128CbcEncrypt
 .text.R_SCE_HRK_AES_128CbcDecrypt
                0x0000780c       0x28 D:\workdir\forth\renesas_rtos_training\workdir\lab01\LAB_HAL_1\synergy\ssp\src\driver\r_sce\libs\libcrypto_cm4_s7g2_gcc.a(r_sce_hrk_aes128_cbc.o)
                0x0000780c                R_SCE_HRK_AES_128CbcDecrypt
 .text.R_SCE_HRK_AES_128CtrEncrypt
                0x00007834       0x28 D:\workdir\forth\renesas_rtos_training\workdir\lab01\LAB_HAL_1\synergy\ssp\src\driver\r_sce\libs\libcrypto_cm4_s7g2_gcc.a(r_sce_hrk_aes128_ctr.o)
                0x00007834                R_SCE_HRK_AES_128CtrEncrypt
 .text.R_SCE_HRK_AES_128EcbEncrypt
                0x0000785c       0x24 D:\workdir\forth\renesas_rtos_training\workdir\lab01\LAB_HAL_1\synergy\ssp\src\driver\r_sce\libs\libcrypto_cm4_s7g2_gcc.a(r_sce_hrk_aes128_ecb.o)
                0x0000785c                R_SCE_HRK_AES_128EcbEncrypt
 .text.R_SCE_HRK_AES_128EcbDecrypt
                0x00007880       0x24 D:\workdir\forth\renesas_rtos_training\workdir\lab01\LAB_HAL_1\synergy\ssp\src\driver\r_sce\libs\libcrypto_cm4_s7g2_gcc.a(r_sce_hrk_aes128_ecb.o)
                0x00007880                R_SCE_HRK_AES_128EcbDecrypt
 .text.R_SCE_HRK_AES_128GcmOpen
                0x000078a4       0x28 D:\workdir\forth\renesas_rtos_training\workdir\lab01\LAB_HAL_1\synergy\ssp\src\driver\r_sce\libs\libcrypto_cm4_s7g2_gcc.a(r_sce_hrk_aes128_gcm.o)
                0x000078a4                R_SCE_HRK_AES_128GcmOpen
 .text.R_SCE_HRK_AES_128GcmGetGcmTag
                0x000078cc       0x24 D:\workdir\forth\renesas_rtos_training\workdir\lab01\LAB_HAL_1\synergy\ssp\src\driver\r_sce\libs\libcrypto_cm4_s7g2_gcc.a(r_sce_hrk_aes128_gcm.o)
                0x000078cc                R_SCE_HRK_AES_128GcmGetGcmTag
 .text.R_SCE_HRK_AES_128GcmSetGcmTag
                0x000078f0       0x20 D:\workdir\forth\renesas_rtos_training\workdir\lab01\LAB_HAL_1\synergy\ssp\src\driver\r_sce\libs\libcrypto_cm4_s7g2_gcc.a(r_sce_hrk_aes128_gcm.o)
                0x000078f0                R_SCE_HRK_AES_128GcmSetGcmTag
 .text.R_SCE_HRK_AES_128GcmInitialize
                0x00007910       0x44 D:\workdir\forth\renesas_rtos_training\workdir\lab01\LAB_HAL_1\synergy\ssp\src\driver\r_sce\libs\libcrypto_cm4_s7g2_gcc.a(r_sce_hrk_aes128_gcm.o)
 .text.R_SCE_HRK_AES_128GcmTagCompute.part.1
                0x00007954       0xa0 D:\workdir\forth\renesas_rtos_training\workdir\lab01\LAB_HAL_1\synergy\ssp\src\driver\r_sce\libs\libcrypto_cm4_s7g2_gcc.a(r_sce_hrk_aes128_gcm.o)
 .text.R_SCE_HRK_AES_128GcmZeroPaddingEncrypt
                0x000079f4      0x134 D:\workdir\forth\renesas_rtos_training\workdir\lab01\LAB_HAL_1\synergy\ssp\src\driver\r_sce\libs\libcrypto_cm4_s7g2_gcc.a(r_sce_hrk_aes128_gcm.o)
                0x000079f4                R_SCE_HRK_AES_128GcmZeroPaddingEncrypt
 .text.R_SCE_HRK_AES_128GcmEncrypt
                0x00007b28        0xc D:\workdir\forth\renesas_rtos_training\workdir\lab01\LAB_HAL_1\synergy\ssp\src\driver\r_sce\libs\libcrypto_cm4_s7g2_gcc.a(r_sce_hrk_aes128_gcm.o)
                0x00007b28                R_SCE_HRK_AES_128GcmEncrypt
 .text.R_SCE_HRK_AES_128GcmZeroPaddingDecrypt
                0x00007b34      0x15c D:\workdir\forth\renesas_rtos_training\workdir\lab01\LAB_HAL_1\synergy\ssp\src\driver\r_sce\libs\libcrypto_cm4_s7g2_gcc.a(r_sce_hrk_aes128_gcm.o)
                0x00007b34                R_SCE_HRK_AES_128GcmZeroPaddingDecrypt
 .text.R_SCE_HRK_AES_128GcmDecrypt
                0x00007c90        0xc D:\workdir\forth\renesas_rtos_training\workdir\lab01\LAB_HAL_1\synergy\ssp\src\driver\r_sce\libs\libcrypto_cm4_s7g2_gcc.a(r_sce_hrk_aes128_gcm.o)
                0x00007c90                R_SCE_HRK_AES_128GcmDecrypt
 .text.R_SCE_HRK_AES_128XtsCreateEncryptedKey
                0x00007c9c       0x18 D:\workdir\forth\renesas_rtos_training\workdir\lab01\LAB_HAL_1\synergy\ssp\src\driver\r_sce\libs\libcrypto_cm4_s7g2_gcc.a(r_sce_hrk_aes128_xts.o)
                0x00007c9c                R_SCE_HRK_AES_128XtsCreateEncryptedKey
 .text.R_SCE_HRK_AES_128XtsEncrypt
                0x00007cb4       0x5c D:\workdir\forth\renesas_rtos_training\workdir\lab01\LAB_HAL_1\synergy\ssp\src\driver\r_sce\libs\libcrypto_cm4_s7g2_gcc.a(r_sce_hrk_aes128_xts.o)
                0x00007cb4                R_SCE_HRK_AES_128XtsEncrypt
 .text.R_SCE_HRK_AES_128XtsDecrypt
                0x00007d10       0x5c D:\workdir\forth\renesas_rtos_training\workdir\lab01\LAB_HAL_1\synergy\ssp\src\driver\r_sce\libs\libcrypto_cm4_s7g2_gcc.a(r_sce_hrk_aes128_xts.o)
                0x00007d10                R_SCE_HRK_AES_128XtsDecrypt
 .text.R_SCE_HRK_AES_192CbcEncrypt
                0x00007d6c       0x28 D:\workdir\forth\renesas_rtos_training\workdir\lab01\LAB_HAL_1\synergy\ssp\src\driver\r_sce\libs\libcrypto_cm4_s7g2_gcc.a(r_sce_hrk_aes192_cbc.o)
                0x00007d6c                R_SCE_HRK_AES_192CbcEncrypt
 .text.R_SCE_HRK_AES_192CbcDecrypt
                0x00007d94       0x28 D:\workdir\forth\renesas_rtos_training\workdir\lab01\LAB_HAL_1\synergy\ssp\src\driver\r_sce\libs\libcrypto_cm4_s7g2_gcc.a(r_sce_hrk_aes192_cbc.o)
                0x00007d94                R_SCE_HRK_AES_192CbcDecrypt
 .text.R_SCE_HRK_AES_192CtrEncrypt
                0x00007dbc       0x28 D:\workdir\forth\renesas_rtos_training\workdir\lab01\LAB_HAL_1\synergy\ssp\src\driver\r_sce\libs\libcrypto_cm4_s7g2_gcc.a(r_sce_hrk_aes192_ctr.o)
                0x00007dbc                R_SCE_HRK_AES_192CtrEncrypt
 .text.R_SCE_HRK_AES_192EcbEncrypt
                0x00007de4       0x24 D:\workdir\forth\renesas_rtos_training\workdir\lab01\LAB_HAL_1\synergy\ssp\src\driver\r_sce\libs\libcrypto_cm4_s7g2_gcc.a(r_sce_hrk_aes192_ecb.o)
                0x00007de4                R_SCE_HRK_AES_192EcbEncrypt
 .text.R_SCE_HRK_AES_192EcbDecrypt
                0x00007e08       0x24 D:\workdir\forth\renesas_rtos_training\workdir\lab01\LAB_HAL_1\synergy\ssp\src\driver\r_sce\libs\libcrypto_cm4_s7g2_gcc.a(r_sce_hrk_aes192_ecb.o)
                0x00007e08                R_SCE_HRK_AES_192EcbDecrypt
 .text.R_SCE_HRK_AES_192GcmOpen
                0x00007e2c       0x28 D:\workdir\forth\renesas_rtos_training\workdir\lab01\LAB_HAL_1\synergy\ssp\src\driver\r_sce\libs\libcrypto_cm4_s7g2_gcc.a(r_sce_hrk_aes192_gcm.o)
                0x00007e2c                R_SCE_HRK_AES_192GcmOpen
 .text.R_SCE_HRK_AES_192GcmGetGcmTag
                0x00007e54       0x24 D:\workdir\forth\renesas_rtos_training\workdir\lab01\LAB_HAL_1\synergy\ssp\src\driver\r_sce\libs\libcrypto_cm4_s7g2_gcc.a(r_sce_hrk_aes192_gcm.o)
                0x00007e54                R_SCE_HRK_AES_192GcmGetGcmTag
 .text.R_SCE_HRK_AES_192GcmSetGcmTag
                0x00007e78       0x20 D:\workdir\forth\renesas_rtos_training\workdir\lab01\LAB_HAL_1\synergy\ssp\src\driver\r_sce\libs\libcrypto_cm4_s7g2_gcc.a(r_sce_hrk_aes192_gcm.o)
                0x00007e78                R_SCE_HRK_AES_192GcmSetGcmTag
 .text.R_SCE_HRK_AES_192GcmInitialize
                0x00007e98       0x44 D:\workdir\forth\renesas_rtos_training\workdir\lab01\LAB_HAL_1\synergy\ssp\src\driver\r_sce\libs\libcrypto_cm4_s7g2_gcc.a(r_sce_hrk_aes192_gcm.o)
 .text.R_SCE_HRK_AES_192GcmTagCompute.part.1
                0x00007edc       0xa0 D:\workdir\forth\renesas_rtos_training\workdir\lab01\LAB_HAL_1\synergy\ssp\src\driver\r_sce\libs\libcrypto_cm4_s7g2_gcc.a(r_sce_hrk_aes192_gcm.o)
 .text.R_SCE_HRK_AES_192GcmZeroPaddingEncrypt
                0x00007f7c      0x134 D:\workdir\forth\renesas_rtos_training\workdir\lab01\LAB_HAL_1\synergy\ssp\src\driver\r_sce\libs\libcrypto_cm4_s7g2_gcc.a(r_sce_hrk_aes192_gcm.o)
                0x00007f7c                R_SCE_HRK_AES_192GcmZeroPaddingEncrypt
 .text.R_SCE_HRK_AES_192GcmEncrypt
                0x000080b0        0xc D:\workdir\forth\renesas_rtos_training\workdir\lab01\LAB_HAL_1\synergy\ssp\src\driver\r_sce\libs\libcrypto_cm4_s7g2_gcc.a(r_sce_hrk_aes192_gcm.o)
                0x000080b0                R_SCE_HRK_AES_192GcmEncrypt
 .text.R_SCE_HRK_AES_192GcmZeroPaddingDecrypt
                0x000080bc      0x15c D:\workdir\forth\renesas_rtos_training\workdir\lab01\LAB_HAL_1\synergy\ssp\src\driver\r_sce\libs\libcrypto_cm4_s7g2_gcc.a(r_sce_hrk_aes192_gcm.o)
                0x000080bc                R_SCE_HRK_AES_192GcmZeroPaddingDecrypt
 .text.R_SCE_HRK_AES_192GcmDecrypt
                0x00008218        0xc D:\workdir\forth\renesas_rtos_training\workdir\lab01\LAB_HAL_1\synergy\ssp\src\driver\r_sce\libs\libcrypto_cm4_s7g2_gcc.a(r_sce_hrk_aes192_gcm.o)
                0x00008218                R_SCE_HRK_AES_192GcmDecrypt
 .text.R_SCE_HRK_AES_256CbcEncrypt
                0x00008224       0x28 D:\workdir\forth\renesas_rtos_training\workdir\lab01\LAB_HAL_1\synergy\ssp\src\driver\r_sce\libs\libcrypto_cm4_s7g2_gcc.a(r_sce_hrk_aes256_cbc.o)
                0x00008224                R_SCE_HRK_AES_256CbcEncrypt
 .text.R_SCE_HRK_AES_256CbcDecrypt
                0x0000824c       0x28 D:\workdir\forth\renesas_rtos_training\workdir\lab01\LAB_HAL_1\synergy\ssp\src\driver\r_sce\libs\libcrypto_cm4_s7g2_gcc.a(r_sce_hrk_aes256_cbc.o)
                0x0000824c                R_SCE_HRK_AES_256CbcDecrypt
 .text.R_SCE_HRK_AES_256CtrEncrypt
                0x00008274       0x28 D:\workdir\forth\renesas_rtos_training\workdir\lab01\LAB_HAL_1\synergy\ssp\src\driver\r_sce\libs\libcrypto_cm4_s7g2_gcc.a(r_sce_hrk_aes256_ctr.o)
                0x00008274                R_SCE_HRK_AES_256CtrEncrypt
 .text.R_SCE_HRK_AES_256EcbEncrypt
                0x0000829c       0x24 D:\workdir\forth\renesas_rtos_training\workdir\lab01\LAB_HAL_1\synergy\ssp\src\driver\r_sce\libs\libcrypto_cm4_s7g2_gcc.a(r_sce_hrk_aes256_ecb.o)
                0x0000829c                R_SCE_HRK_AES_256EcbEncrypt
 .text.R_SCE_HRK_AES_256EcbDecrypt
                0x000082c0       0x24 D:\workdir\forth\renesas_rtos_training\workdir\lab01\LAB_HAL_1\synergy\ssp\src\driver\r_sce\libs\libcrypto_cm4_s7g2_gcc.a(r_sce_hrk_aes256_ecb.o)
                0x000082c0                R_SCE_HRK_AES_256EcbDecrypt
 .text.R_SCE_HRK_AES_256GcmOpen
                0x000082e4       0x28 D:\workdir\forth\renesas_rtos_training\workdir\lab01\LAB_HAL_1\synergy\ssp\src\driver\r_sce\libs\libcrypto_cm4_s7g2_gcc.a(r_sce_hrk_aes256_gcm.o)
                0x000082e4                R_SCE_HRK_AES_256GcmOpen
 .text.R_SCE_HRK_AES_256GcmGetGcmTag
                0x0000830c       0x24 D:\workdir\forth\renesas_rtos_training\workdir\lab01\LAB_HAL_1\synergy\ssp\src\driver\r_sce\libs\libcrypto_cm4_s7g2_gcc.a(r_sce_hrk_aes256_gcm.o)
                0x0000830c                R_SCE_HRK_AES_256GcmGetGcmTag
 .text.R_SCE_HRK_AES_256GcmSetGcmTag
                0x00008330       0x20 D:\workdir\forth\renesas_rtos_training\workdir\lab01\LAB_HAL_1\synergy\ssp\src\driver\r_sce\libs\libcrypto_cm4_s7g2_gcc.a(r_sce_hrk_aes256_gcm.o)
                0x00008330                R_SCE_HRK_AES_256GcmSetGcmTag
 .text.R_SCE_HRK_AES_256GcmInitialize
                0x00008350       0x44 D:\workdir\forth\renesas_rtos_training\workdir\lab01\LAB_HAL_1\synergy\ssp\src\driver\r_sce\libs\libcrypto_cm4_s7g2_gcc.a(r_sce_hrk_aes256_gcm.o)
 .text.R_SCE_HRK_AES_256GcmTagCompute.part.1
                0x00008394       0xa0 D:\workdir\forth\renesas_rtos_training\workdir\lab01\LAB_HAL_1\synergy\ssp\src\driver\r_sce\libs\libcrypto_cm4_s7g2_gcc.a(r_sce_hrk_aes256_gcm.o)
 .text.R_SCE_HRK_AES_256GcmZeroPaddingEncrypt
                0x00008434      0x134 D:\workdir\forth\renesas_rtos_training\workdir\lab01\LAB_HAL_1\synergy\ssp\src\driver\r_sce\libs\libcrypto_cm4_s7g2_gcc.a(r_sce_hrk_aes256_gcm.o)
                0x00008434                R_SCE_HRK_AES_256GcmZeroPaddingEncrypt
 .text.R_SCE_HRK_AES_256GcmEncrypt
                0x00008568        0xc D:\workdir\forth\renesas_rtos_training\workdir\lab01\LAB_HAL_1\synergy\ssp\src\driver\r_sce\libs\libcrypto_cm4_s7g2_gcc.a(r_sce_hrk_aes256_gcm.o)
                0x00008568                R_SCE_HRK_AES_256GcmEncrypt
 .text.R_SCE_HRK_AES_256GcmZeroPaddingDecrypt
                0x00008574      0x15c D:\workdir\forth\renesas_rtos_training\workdir\lab01\LAB_HAL_1\synergy\ssp\src\driver\r_sce\libs\libcrypto_cm4_s7g2_gcc.a(r_sce_hrk_aes256_gcm.o)
                0x00008574                R_SCE_HRK_AES_256GcmZeroPaddingDecrypt
 .text.R_SCE_HRK_AES_256GcmDecrypt
                0x000086d0        0xc D:\workdir\forth\renesas_rtos_training\workdir\lab01\LAB_HAL_1\synergy\ssp\src\driver\r_sce\libs\libcrypto_cm4_s7g2_gcc.a(r_sce_hrk_aes256_gcm.o)
                0x000086d0                R_SCE_HRK_AES_256GcmDecrypt
 .text.R_SCE_HRK_AES_256XtsCreateEncryptedKey
                0x000086dc       0x18 D:\workdir\forth\renesas_rtos_training\workdir\lab01\LAB_HAL_1\synergy\ssp\src\driver\r_sce\libs\libcrypto_cm4_s7g2_gcc.a(r_sce_hrk_aes256_xts.o)
                0x000086dc                R_SCE_HRK_AES_256XtsCreateEncryptedKey
 .text.R_SCE_HRK_AES_256XtsEncrypt
                0x000086f4       0x5c D:\workdir\forth\renesas_rtos_training\workdir\lab01\LAB_HAL_1\synergy\ssp\src\driver\r_sce\libs\libcrypto_cm4_s7g2_gcc.a(r_sce_hrk_aes256_xts.o)
                0x000086f4                R_SCE_HRK_AES_256XtsEncrypt
 .text.R_SCE_HRK_AES_256XtsDecrypt
                0x00008750       0x5c D:\workdir\forth\renesas_rtos_training\workdir\lab01\LAB_HAL_1\synergy\ssp\src\driver\r_sce\libs\libcrypto_cm4_s7g2_gcc.a(r_sce_hrk_aes256_xts.o)
                0x00008750                R_SCE_HRK_AES_256XtsDecrypt
 .text.R_SCE_HRK_RSA_1024PrivateCrtKeyDecrypt