15:18:40 **** Incremental Build of configuration Debug for project LAB_RTOS_1 ****
make -j8 all 
'Building file: ../src/synergy_gen/usb_thread.c'
'Building file: ../src/adc_thread_entry.c'
'Invoking: Cross ARM C Compiler'
C:\Renesas\Synergy\e2studio_v5.4.0.023_ssp_v1.3.3\eclipse\../Utilities/isdebuild arm-none-eabi-gcc -mcpu=cortex-m4 -mthumb -mfloat-abi=hard -mfpu=fpv4-sp-d16 -O2 -fmessage-length=0 -fsigned-char -ffunction-sections -fdata-sections -Wunused -Wuninitialized -Wall -Wextra -Wmissing-declarations -Wconversion -Wpointer-arith -Wshadow -Wlogical-op -Waggregate-return -Wfloat-equal  -g3 -D_RENESAS_SYNERGY_ -I"D:\workdir\forth\renesas_rtos_training\workdir\lab02\synergy_cfg\ssp_cfg\bsp" -I"D:\workdir\forth\renesas_rtos_training\workdir\lab02\synergy_cfg\ssp_cfg\driver" -I"D:\workdir\forth\renesas_rtos_training\workdir\lab02\synergy\ssp\inc" -I"D:\workdir\forth\renesas_rtos_training\workdir\lab02\synergy\ssp\inc\bsp" -I"D:\workdir\forth\renesas_rtos_training\workdir\lab02\synergy\ssp\inc\bsp\cmsis\Include" -I"D:\workdir\forth\renesas_rtos_training\workdir\lab02\synergy\ssp\inc\driver\api" -I"D:\workdir\forth\renesas_rtos_training\workdir\lab02\synergy\ssp\inc\driver\instances" -I"D:\workdir\forth\renesas_rtos_training\workdir\lab02\src" -I"D:\workdir\forth\renesas_rtos_training\workdir\lab02\src\synergy_gen" -I"D:\workdir\forth\renesas_rtos_training\workdir\lab02\synergy_cfg\ssp_cfg\framework\el" -I"D:\workdir\forth\renesas_rtos_training\workdir\lab02\synergy\ssp\inc\framework\el" -I"D:\workdir\forth\renesas_rtos_training\workdir\lab02\synergy\ssp\src\framework\el\tx" -I"D:\workdir\forth\renesas_rtos_training\workdir\lab02\synergy_cfg\ssp_cfg\framework" -I"D:\workdir\forth\renesas_rtos_training\workdir\lab02\synergy\ssp\inc\framework\api" -I"D:\workdir\forth\renesas_rtos_training\workdir\lab02\synergy\ssp\inc\framework\instances" -I"D:\workdir\forth\renesas_rtos_training\workdir\lab02\synergy\ssp\src\framework\el\ux" -std=c99 -MMD -MP -MF"src/synergy_gen/usb_thread.d" -MT"src/synergy_gen/usb_thread.o" -c -o "src/synergy_gen/usb_thread.o" -x c "../src/synergy_gen/usb_thread.c"
'Invoking: Cross ARM C Compiler'
C:\Renesas\Synergy\e2studio_v5.4.0.023_ssp_v1.3.3\eclipse\../Utilities/isdebuild arm-none-eabi-gcc -mcpu=cortex-m4 -mthumb -mfloat-abi=hard -mfpu=fpv4-sp-d16 -O2 -fmessage-length=0 -fsigned-char -ffunction-sections -fdata-sections -Wunused -Wuninitialized -Wall -Wextra -Wmissing-declarations -Wconversion -Wpointer-arith -Wshadow -Wlogical-op -Waggregate-return -Wfloat-equal  -g3 -D_RENESAS_SYNERGY_ -I"D:\workdir\forth\renesas_rtos_training\workdir\lab02\synergy_cfg\ssp_cfg\bsp" -I"D:\workdir\forth\renesas_rtos_training\workdir\lab02\synergy_cfg\ssp_cfg\driver" -I"D:\workdir\forth\renesas_rtos_training\workdir\lab02\synergy\ssp\inc" -I"D:\workdir\forth\renesas_rtos_training\workdir\lab02\synergy\ssp\inc\bsp" -I"D:\workdir\forth\renesas_rtos_training\workdir\lab02\synergy\ssp\inc\bsp\cmsis\Include" -I"D:\workdir\forth\renesas_rtos_training\workdir\lab02\synergy\ssp\inc\driver\api" -I"D:\workdir\forth\renesas_rtos_training\workdir\lab02\synergy\ssp\inc\driver\instances" -I"D:\workdir\forth\renesas_rtos_training\workdir\lab02\src" -I"D:\workdir\forth\renesas_rtos_training\workdir\lab02\src\synergy_gen" -I"D:\workdir\forth\renesas_rtos_training\workdir\lab02\synergy_cfg\ssp_cfg\framework\el" -I"D:\workdir\forth\renesas_rtos_training\workdir\lab02\synergy\ssp\inc\framework\el" -I"D:\workdir\forth\renesas_rtos_training\workdir\lab02\synergy\ssp\src\framework\el\tx" -I"D:\workdir\forth\renesas_rtos_training\workdir\lab02\synergy_cfg\ssp_cfg\framework" -I"D:\workdir\forth\renesas_rtos_training\workdir\lab02\synergy\ssp\inc\framework\api" -I"D:\workdir\forth\renesas_rtos_training\workdir\lab02\synergy\ssp\inc\framework\instances" -I"D:\workdir\forth\renesas_rtos_training\workdir\lab02\synergy\ssp\src\framework\el\ux" -std=c99 -MMD -MP -MF"src/adc_thread_entry.d" -MT"src/adc_thread_entry.o" -c -o "src/adc_thread_entry.o" -x c "../src/adc_thread_entry.c"
'Building file: ../src/dac_thread_entry.c'
'Building file: ../src/usb_thread_entry.c'
'Invoking: Cross ARM C Compiler'
C:\Renesas\Synergy\e2studio_v5.4.0.023_ssp_v1.3.3\eclipse\../Utilities/isdebuild arm-none-eabi-gcc -mcpu=cortex-m4 -mthumb -mfloat-abi=hard -mfpu=fpv4-sp-d16 -O2 -fmessage-length=0 -fsigned-char -ffunction-sections -fdata-sections -Wunused -Wuninitialized -Wall -Wextra -Wmissing-declarations -Wconversion -Wpointer-arith -Wshadow -Wlogical-op -Waggregate-return -Wfloat-equal  -g3 -D_RENESAS_SYNERGY_ -I"D:\workdir\forth\renesas_rtos_training\workdir\lab02\synergy_cfg\ssp_cfg\bsp" -I"D:\workdir\forth\renesas_rtos_training\workdir\lab02\synergy_cfg\ssp_cfg\driver" -I"D:\workdir\forth\renesas_rtos_training\workdir\lab02\synergy\ssp\inc" -I"D:\workdir\forth\renesas_rtos_training\workdir\lab02\synergy\ssp\inc\bsp" -I"D:\workdir\forth\renesas_rtos_training\workdir\lab02\synergy\ssp\inc\bsp\cmsis\Include" -I"D:\workdir\forth\renesas_rtos_training\workdir\lab02\synergy\ssp\inc\driver\api" -I"D:\workdir\forth\renesas_rtos_training\workdir\lab02\synergy\ssp\inc\driver\instances" -I"D:\workdir\forth\renesas_rtos_training\workdir\lab02\src" -I"D:\workdir\forth\renesas_rtos_training\workdir\lab02\src\synergy_gen" -I"D:\workdir\forth\renesas_rtos_training\workdir\lab02\synergy_cfg\ssp_cfg\framework\el" -I"D:\workdir\forth\renesas_rtos_training\workdir\lab02\synergy\ssp\inc\framework\el" -I"D:\workdir\forth\renesas_rtos_training\workdir\lab02\synergy\ssp\src\framework\el\tx" -I"D:\workdir\forth\renesas_rtos_training\workdir\lab02\synergy_cfg\ssp_cfg\framework" -I"D:\workdir\forth\renesas_rtos_training\workdir\lab02\synergy\ssp\inc\framework\api" -I"D:\workdir\forth\renesas_rtos_training\workdir\lab02\synergy\ssp\inc\framework\instances" -I"D:\workdir\forth\renesas_rtos_training\workdir\lab02\synergy\ssp\src\framework\el\ux" -std=c99 -MMD -MP -MF"src/dac_thread_entry.d" -MT"src/dac_thread_entry.o" -c -o "src/dac_thread_entry.o" -x c "../src/dac_thread_entry.c"
'Invoking: Cross ARM C Compiler'
C:\Renesas\Synergy\e2studio_v5.4.0.023_ssp_v1.3.3\eclipse\../Utilities/isdebuild arm-none-eabi-gcc -mcpu=cortex-m4 -mthumb -mfloat-abi=hard -mfpu=fpv4-sp-d16 -O2 -fmessage-length=0 -fsigned-char -ffunction-sections -fdata-sections -Wunused -Wuninitialized -Wall -Wextra -Wmissing-declarations -Wconversion -Wpointer-arith -Wshadow -Wlogical-op -Waggregate-return -Wfloat-equal  -g3 -D_RENESAS_SYNERGY_ -I"D:\workdir\forth\renesas_rtos_training\workdir\lab02\synergy_cfg\ssp_cfg\bsp" -I"D:\workdir\forth\renesas_rtos_training\workdir\lab02\synergy_cfg\ssp_cfg\driver" -I"D:\workdir\forth\renesas_rtos_training\workdir\lab02\synergy\ssp\inc" -I"D:\workdir\forth\renesas_rtos_training\workdir\lab02\synergy\ssp\inc\bsp" -I"D:\workdir\forth\renesas_rtos_training\workdir\lab02\synergy\ssp\inc\bsp\cmsis\Include" -I"D:\workdir\forth\renesas_rtos_training\workdir\lab02\synergy\ssp\inc\driver\api" -I"D:\workdir\forth\renesas_rtos_training\workdir\lab02\synergy\ssp\inc\driver\instances" -I"D:\workdir\forth\renesas_rtos_training\workdir\lab02\src" -I"D:\workdir\forth\renesas_rtos_training\workdir\lab02\src\synergy_gen" -I"D:\workdir\forth\renesas_rtos_training\workdir\lab02\synergy_cfg\ssp_cfg\framework\el" -I"D:\workdir\forth\renesas_rtos_training\workdir\lab02\synergy\ssp\inc\framework\el" -I"D:\workdir\forth\renesas_rtos_training\workdir\lab02\synergy\ssp\src\framework\el\tx" -I"D:\workdir\forth\renesas_rtos_training\workdir\lab02\synergy_cfg\ssp_cfg\framework" -I"D:\workdir\forth\renesas_rtos_training\workdir\lab02\synergy\ssp\inc\framework\api" -I"D:\workdir\forth\renesas_rtos_training\workdir\lab02\synergy\ssp\inc\framework\instances" -I"D:\workdir\forth\renesas_rtos_training\workdir\lab02\synergy\ssp\src\framework\el\ux" -std=c99 -MMD -MP -MF"src/usb_thread_entry.d" -MT"src/usb_thread_entry.o" -c -o "src/usb_thread_entry.o" -x c "../src/usb_thread_entry.c"
'Finished building: ../src/synergy_gen/usb_thread.c'
' '
'Finished building: ../src/adc_thread_entry.c'
' '
'Finished building: ../src/dac_thread_entry.c'
'Finished building: ../src/usb_thread_entry.c'
' '
' '
'Building target: LAB_RTOS_1.elf'
'Invoking: Cross ARM C Linker'
arm-none-eabi-gcc @"LAB_RTOS_1.elf.in"
'Finished building target: LAB_RTOS_1.elf'
' '
'Invoking: Cross ARM GNU Create Flash Image'
arm-none-eabi-objcopy -O srec "LAB_RTOS_1.elf"  "LAB_RTOS_1.srec"
'Invoking: Cross ARM GNU Print Size'
arm-none-eabi-size --format=berkeley "LAB_RTOS_1.elf"
   text	   data	    bss	    dec	    hex	filename
 239832	    592	 148164	 388588	  5edec	LAB_RTOS_1.elf
'Finished building: LAB_RTOS_1.srec'
'Finished building: LAB_RTOS_1.siz'
' '
' '

15:18:46 Build Finished. 0 errors, 0 warnings. (took 6s.707ms)

